Component: ARM Compiler 5.06 update 6 (build 750) Tool: armlink [4d35ed]

==============================================================================

Section Cross References

    system_stm32f4xx.o(i.SystemCoreClockUpdate) refers to system_stm32f4xx.o(.data) for SystemCoreClock
    system_stm32f4xx.o(i.SystemInit) refers to system_stm32f4xx.o(i.SetSysClock) for SetSysClock
    main.o(i.USART_RXNE) refers to stm32f4xx_gpio.o(i.GPIO_ToggleBits) for GPIO_ToggleBits
    main.o(i.main) refers to _printf_percent.o(.ARM.Collect$$_printf_percent$$00000000) for _printf_percent
    main.o(i.main) refers to _printf_d.o(.ARM.Collect$$_printf_percent$$00000009) for _printf_d
    main.o(i.main) refers to _printf_dec.o(.text) for _printf_int_dec
    main.o(i.main) refers to _printf_f.o(.ARM.Collect$$_printf_percent$$00000003) for _printf_f
    main.o(i.main) refers to printf1.o(x$fpl$printf1) for _printf_fp_dec
    main.o(i.main) refers to gpio.o(i.GPIO_Configuration) for GPIO_Configuration
    main.o(i.main) refers to usart.o(i.DMA1_USART2_init) for DMA1_USART2_init
    main.o(i.main) refers to usart.o(i.USART2_Init) for USART2_Init
    main.o(i.main) refers to ledmatrix.o(i.ledmatrix_init) for ledmatrix_init
    main.o(i.main) refers to led7seg.o(i.led7seg_init) for led7seg_init
    main.o(i.main) refers to timer.o(i.TIMER_Configuration) for TIMER_Configuration
    main.o(i.main) refers to led7seg.o(i.TIM7_SampleTime) for TIM7_SampleTime
    main.o(i.main) refers to ledmatrix.o(i.TIM5_SampleTime) for TIM5_SampleTime
    main.o(i.main) refers to adc.o(i.ADC1_init) for ADC1_init
    main.o(i.main) refers to lcd.o(i.init_lcd) for init_lcd
    main.o(i.main) refers to pwm.o(i.GPIO_TIM_init) for GPIO_TIM_init
    main.o(i.main) refers to pwm.o(i.TIMER_TIM_init) for TIMER_TIM_init
    main.o(i.main) refers to pwm.o(i.PWM_TIM_init) for PWM_TIM_init
    main.o(i.main) refers to pwm.o(i.TIM3_Config) for TIM3_Config
    main.o(i.main) refers to pwm.o(i.TIM4_SampleTime) for TIM4_SampleTime
    main.o(i.main) refers to i2c.o(i.I2C_init) for I2C_init
    main.o(i.main) refers to i2c.o(i.MPU6050_Init) for MPU6050_Init
    main.o(i.main) refers to exti.o(i.EXTILine0_Config) for EXTILine0_Config
    main.o(i.main) refers to dflt_clz.o(x$fpl$dfltu) for __aeabi_ui2d
    main.o(i.main) refers to dmul.o(x$fpl$dmul) for __aeabi_dmul
    main.o(i.main) refers to ddiv.o(x$fpl$ddiv) for __aeabi_ddiv
    main.o(i.main) refers to drleqf.o(x$fpl$drleqf) for __aeabi_cdrcmple
    main.o(i.main) refers to daddsub_clz.o(x$fpl$dsub) for __aeabi_dsub
    main.o(i.main) refers to log.o(i.__hardfp_log) for __hardfp_log
    main.o(i.main) refers to daddsub_clz.o(x$fpl$dadd) for __aeabi_dadd
    main.o(i.main) refers to pwm.o(i.speed_pwm) for speed_pwm
    main.o(i.main) refers to i2c.o(i.MPU6050_Read_Accel) for MPU6050_Read_Accel
    main.o(i.main) refers to i2c.o(i.MPU6050_Read_GYRO) for MPU6050_Read_GYRO
    main.o(i.main) refers to i2c.o(i.I2C_Receive) for I2C_Receive
    main.o(i.main) refers to main.o(i.BCD_DEC) for BCD_DEC
    main.o(i.main) refers to lcd.o(i.CLEAR_LCD) for CLEAR_LCD
    main.o(i.main) refers to noretval__2sprintf.o(.text) for __2sprintf
    main.o(i.main) refers to lcd.o(i.OUT_LCD) for OUT_LCD
    main.o(i.main) refers to timer.o(i.Delay_Ms) for Delay_Ms
    main.o(i.main) refers to f2d.o(x$fpl$f2d) for __aeabi_f2d
    main.o(i.main) refers to usart.o(i.sendhc05) for sendhc05
    main.o(i.main) refers to adc.o(.bss) for ADC_Value
    main.o(i.main) refers to main.o(.data) for VAR
    main.o(i.main) refers to exti.o(.data) for LCD_code
    main.o(i.main) refers to main.o(.bss) for I2C_Value
    main.o(i.main) refers to i2c.o(.data) for Accel_Z
    main.o(i.main) refers to pwm.o(.data) for speed
    main.o(i.main) refers to led7seg.o(.data) for hc05send
    startup_stm32f40_41xxx.o(STACK) refers (Special) to heapauxi.o(.text) for __use_two_region_memory
    startup_stm32f40_41xxx.o(HEAP) refers (Special) to heapauxi.o(.text) for __use_two_region_memory
    startup_stm32f40_41xxx.o(RESET) refers (Special) to heapauxi.o(.text) for __use_two_region_memory
    startup_stm32f40_41xxx.o(RESET) refers to startup_stm32f40_41xxx.o(STACK) for __initial_sp
    startup_stm32f40_41xxx.o(RESET) refers to startup_stm32f40_41xxx.o(.text) for Reset_Handler
    startup_stm32f40_41xxx.o(RESET) refers to stm32f4xx_it.o(i.NMI_Handler) for NMI_Handler
    startup_stm32f40_41xxx.o(RESET) refers to stm32f4xx_it.o(i.HardFault_Handler) for HardFault_Handler
    startup_stm32f40_41xxx.o(RESET) refers to stm32f4xx_it.o(i.MemManage_Handler) for MemManage_Handler
    startup_stm32f40_41xxx.o(RESET) refers to stm32f4xx_it.o(i.BusFault_Handler) for BusFault_Handler
    startup_stm32f40_41xxx.o(RESET) refers to stm32f4xx_it.o(i.UsageFault_Handler) for UsageFault_Handler
    startup_stm32f40_41xxx.o(RESET) refers to stm32f4xx_it.o(i.SVC_Handler) for SVC_Handler
    startup_stm32f40_41xxx.o(RESET) refers to stm32f4xx_it.o(i.DebugMon_Handler) for DebugMon_Handler
[...]
    i.USART_ClearITPendingBit                0x080033fc   Section        0  stm32f4xx_usart.o(i.USART_ClearITPendingBit)
    i.USART_Cmd                              0x0800341a   Section        0  stm32f4xx_usart.o(i.USART_Cmd)
    i.USART_DMACmd                           0x08003432   Section        0  stm32f4xx_usart.o(i.USART_DMACmd)
    i.USART_GetITStatus                      0x08003444   Section        0  stm32f4xx_usart.o(i.USART_GetITStatus)
    i.USART_ITConfig                         0x08003498   Section        0  stm32f4xx_usart.o(i.USART_ITConfig)
    i.USART_Init                             0x080034e4   Section        0  stm32f4xx_usart.o(i.USART_Init)
    i.USART_RXNE                             0x080035b8   Section        0  main.o(i.USART_RXNE)
    i.UsageFault_Handler                     0x080035cc   Section        0  stm32f4xx_it.o(i.UsageFault_Handler)
    i.__ARM_fpclassify                       0x080035d0   Section        0  fpclassify.o(i.__ARM_fpclassify)
    i.__hardfp_log                           0x08003600   Section        0  log.o(i.__hardfp_log)
    i.__kernel_poly                          0x080039c4   Section        0  poly.o(i.__kernel_poly)
    i.__mathlib_dbl_divzero                  0x08003ac0   Section        0  dunder.o(i.__mathlib_dbl_divzero)
    i.__mathlib_dbl_infnan                   0x08003af0   Section        0  dunder.o(i.__mathlib_dbl_infnan)
    i.__mathlib_dbl_invalid                  0x08003b08   Section        0  dunder.o(i.__mathlib_dbl_invalid)
    i._is_digit                              0x08003b28   Section        0  __printf_wp.o(i._is_digit)
    i.cmdwrite                               0x08003b38   Section        0  lcd.o(i.cmdwrite)
    i.datawrite                              0x08003b88   Section        0  lcd.o(i.datawrite)
    i.display_7seg                           0x08003bd4   Section        0  led7seg.o(i.display_7seg)
    i.hc595_shift                            0x08003c24   Section        0  led7seg.o(i.hc595_shift)
    i.hc595_shift_matrix                     0x08003c84   Section        0  ledmatrix.o(i.hc595_shift_matrix)
    i.init_lcd                               0x08003cdc   Section        0  lcd.o(i.init_lcd)
    i.led7seg_init                           0x08003d34   Section        0  led7seg.o(i.led7seg_init)
    i.ledmatrix_init                         0x08003d9c   Section        0  ledmatrix.o(i.ledmatrix_init)
    i.main                                   0x08003dd4   Section        0  main.o(i.main)
    i.sendhc05                               0x08004248   Section        0  usart.o(i.sendhc05)
    i.speed_pwm                              0x0800446c   Section        0  pwm.o(i.speed_pwm)
    i.xulyhex                                0x08004498   Section        0  lcd.o(i.xulyhex)
    locale$$code                             0x08004510   Section       44  lc_numeric_c.o(locale$$code)
    x$fpl$basic                              0x0800453c   Section       24  basic.o(x$fpl$basic)
    $v0                                      0x0800453c   Number         0  basic.o(x$fpl$basic)
    x$fpl$d2f                                0x08004554   Section       98  d2f.o(x$fpl$d2f)
    $v0                                      0x08004554   Number         0  d2f.o(x$fpl$d2f)
    x$fpl$dadd                               0x080045b8   Section      336  daddsub_clz.o(x$fpl$dadd)
    $v0                                      0x080045b8   Number         0  daddsub_clz.o(x$fpl$dadd)
    _dadd1                                   0x080045c9   Thumb Code     0  daddsub_clz.o(x$fpl$dadd)
    x$fpl$dcmpinf                            0x08004708   Section       24  dcmpi.o(x$fpl$dcmpinf)
    $v0                                      0x08004708   Number         0  dcmpi.o(x$fpl$dcmpinf)
    x$fpl$ddiv                               0x08004720   Section      688  ddiv.o(x$fpl$ddiv)
    $v0                                      0x08004720   Number         0  ddiv.o(x$fpl$ddiv)
    ddiv_entry                               0x08004727   Thumb Code     0  ddiv.o(x$fpl$ddiv)
    x$fpl$deqf                               0x080049d0   Section      120  deqf.o(x$fpl$deqf)
    $v0                                      0x080049d0   Number         0  deqf.o(x$fpl$deqf)
    x$fpl$dfix                               0x08004a48   Section       94  dfix.o(x$fpl$dfix)
    $v0                                      0x08004a48   Number         0  dfix.o(x$fpl$dfix)
    x$fpl$dflt                               0x08004aa6   Section       46  dflt_clz.o(x$fpl$dflt)
    $v0                                      0x08004aa6   Number         0  dflt_clz.o(x$fpl$dflt)
    x$fpl$dfltu                              0x08004ad4   Section       38  dflt_clz.o(x$fpl$dfltu)
    $v0                                      0x08004ad4   Number         0  dflt_clz.o(x$fpl$dfltu)
    x$fpl$dleqf                              0x08004afc   Section      120  dleqf.o(x$fpl$dleqf)
    $v0                                      0x08004afc   Number         0  dleqf.o(x$fpl$dleqf)
    x$fpl$dmul                               0x08004b74   Section      340  dmul.o(x$fpl$dmul)
    $v0                                      0x08004b74   Number         0  dmul.o(x$fpl$dmul)
    x$fpl$dnaninf                            0x08004cc8   Section      156  dnaninf.o(x$fpl$dnaninf)
    $v0                                      0x08004cc8   Number         0  dnaninf.o(x$fpl$dnaninf)
    x$fpl$dretinf                            0x08004d64   Section       12  dretinf.o(x$fpl$dretinf)
    $v0                                      0x08004d64   Number         0  dretinf.o(x$fpl$dretinf)
    x$fpl$drleqf                             0x08004d70   Section      108  drleqf.o(x$fpl$drleqf)
    $v0                                      0x08004d70   Number         0  drleqf.o(x$fpl$drleqf)
    x$fpl$drsb                               0x08004ddc   Section       22  daddsub_clz.o(x$fpl$drsb)
    $v0                                      0x08004ddc   Number         0  daddsub_clz.o(x$fpl$drsb)
    x$fpl$dsub                               0x08004df4   Section      468  daddsub_clz.o(x$fpl$dsub)
    $v0                                      0x08004df4   Number         0  daddsub_clz.o(x$fpl$dsub)
    _dsub1                                   0x08004e05   Thumb Code     0  daddsub_clz.o(x$fpl$dsub)
    x$fpl$f2d                                0x08004fc8   Section       86  f2d.o(x$fpl$f2d)
    $v0                                      0x08004fc8   Number         0  f2d.o(x$fpl$f2d)
    x$fpl$fnaninf                            0x0800501e   Section      140  fnaninf.o(x$fpl$fnaninf)
    $v0                                      0x0800501e   Number         0  fnaninf.o(x$fpl$fnaninf)
    x$fpl$fpinit                             0x080050aa   Section       10  fpinit.o(x$fpl$fpinit)
    $v0                                      0x080050aa   Number         0  fpinit.o(x$fpl$fpinit)
    x$fpl$fretinf                            0x080050b4   Section       10  fretinf.o(x$fpl$fretinf)
    $v0                                      0x080050b4   Number         0  fretinf.o(x$fpl$fretinf)
    x$fpl$printf1                            0x080050be   Section        4  printf1.o(x$fpl$printf1)
    $v0                                      0x080050be   Number         0  printf1.o(x$fpl$printf1)
    x$fpl$usenofp                            0x080050c2   Section        0  usenofp.o(x$fpl$usenofp)
    .constdata                               0x080050c8   Section       56  log.o(.constdata)
    Lg2                                      0x080050c8   Data          24  log.o(.constdata)
    Lg                                       0x080050e0   Data          32  log.o(.constdata)
    .constdata                               0x08005100   Section        8  qnan.o(.constdata)
    .constdata                               0x08005108   Section      148  bigflt0.o(.constdata)
    tenpwrs_x                                0x08005108   Data          60  bigflt0.o(.constdata)
    tenpwrs_i                                0x08005144   Data          64  bigflt0.o(.constdata)
    locale$$data                             0x080051bc   Section       28  lc_numeric_c.o(locale$$data)
    __lcnum_c_name                           0x080051c0   Data           2  lc_numeric_c.o(locale$$data)
    __lcnum_c_start                          0x080051c8   Data           0  lc_numeric_c.o(locale$$data)
    __lcnum_c_point                          0x080051d4   Data           0  lc_numeric_c.o(locale$$data)
    __lcnum_c_thousands                      0x080051d6   Data           0  lc_numeric_c.o(locale$$data)
    __lcnum_c_grouping                       0x080051d7   Data           0  lc_numeric_c.o(locale$$data)
    __lcnum_c_end                            0x080051d8   Data           0  lc_numeric_c.o(locale$$data)
    .data                                    0x20000000   Section       48  main.o(.data)
    .data                                    0x20000030   Section       16  stm32f4xx_rcc.o(.data)
    APBAHBPrescTable                         0x20000030   Data          16  stm32f4xx_rcc.o(.data)
    .data                                    0x20000040   Section       24  led7seg.o(.data)
    .data                                    0x20000058   Section        1  usart.o(.data)
    .data                                    0x20000059   Section        9  ledmatrix.o(.data)
    .data                                    0x20000064   Section       28  pwm.o(.data)
    .data                                    0x20000080   Section       80  i2c.o(.data)
    .data                                    0x200000d0   Section        2  exti.o(.data)
    .bss                                     0x200000d4   Section      100  main.o(.bss)
    .bss                                     0x20000138   Section       10  adc.o(.bss)
    .bss                                     0x20000142   Section      150  usart.o(.bss)
    .bss                                     0x200001d8   Section       96  libspace.o(.bss)
    HEAP                                     0x20000238   Section      512  startup_stm32f40_41xxx.o(HEAP)
    Heap_Mem                                 0x20000238   Data         512  startup_stm32f40_41xxx.o(HEAP)
    STACK                                    0x20000438   Section     1024  startup_stm32f40_41xxx.o(STACK)
    Stack_Mem                                0x20000438   Data        1024  startup_stm32f40_41xxx.o(STACK)
    __initial_sp                             0x20000838   Data           0  startup_stm32f40_41xxx.o(STACK)

    Global Symbols

    Symbol Name                              Value     Ov Type        Size  Object(Section)

    BuildAttributes$$THM_ISAv4$E$P$D$K$B$S$7EM$VFPi3$EXTD16$VFPS$VFMA$PE$A:L22UL41UL21$X:L11$S22US41US21$IEEE1$IW$USESV6$~STKCKD$USESV7$~SHL$OTIME$ROPI$IEEEX$EBA8$UX$STANDARDLIB$REQ8$PRES8$EABIv2 0x00000000   Number         0  anon$$obj.o ABSOLUTE
    __ARM_use_no_argv                        0x00000000   Number         0  main.o ABSOLUTE
    _printf_flags                            0x00000000   Number         0  printf_stubs.o ABSOLUTE
    _printf_return_value                     0x00000000   Number         0  printf_stubs.o ABSOLUTE
    _printf_sizespec                         0x00000000   Number         0  printf_stubs.o ABSOLUTE
    _printf_widthprec                        0x00000000   Number         0  printf_stubs.o ABSOLUTE
    __ARM_exceptions_init                     - Undefined Weak Reference
    __alloca_initialize                       - Undefined Weak Reference
    __arm_preinit_                            - Undefined Weak Reference
    __cpp_initialize__aeabi_                  - Undefined Weak Reference
    __cxa_finalize                            - Undefined Weak Reference
    __sigvec_lookup                           - Undefined Weak Reference
    _atexit_init                              - Undefined Weak Reference
    _call_atexit_fns                          - Undefined Weak Reference
    _clock_init                               - Undefined Weak Reference
    _fp_trap_init                             - Undefined Weak Reference
    _fp_trap_shutdown                         - Undefined Weak Reference
    _get_lc_collate                           - Undefined Weak Reference
    _get_lc_ctype                             - Undefined Weak Reference
    _get_lc_monetary                          - Undefined Weak Reference
    _get_lc_time                              - Undefined Weak Reference
    _getenv_init                              - Undefined Weak Reference
    _handle_redirection                       - Undefined Weak Reference
    _init_alloc                               - Undefined Weak Reference
    _init_user_alloc                          - Undefined Weak Reference
    _initio                                   - Undefined Weak Reference
    _printf_post_padding                      - Undefined Weak Reference
    _printf_pre_padding                       - Undefined Weak Reference
    _printf_truncate_signed                   - Undefined Weak Reference
    _printf_truncate_unsigned                 - Undefined Weak Reference
    _rand_init                                - Undefined Weak Reference
    _signal_finish                            - Undefined Weak Reference
    _signal_init                              - Undefined Weak Reference
    _terminate_alloc                          - Undefined Weak Reference
    _terminate_user_alloc                     - Undefined Weak Reference
    _terminateio                              - Undefined Weak Reference
    __Vectors_Size                           0x00000188   Number         0  startup_stm32f40_41xxx.o ABSOLUTE
    __Vectors                                0x08000000   Data           4  startup_stm32f40_41xxx.o(RESET)
    __Vectors_End                            0x08000188   Data           0  startup_stm32f40_41xxx.o(RESET)
    __main                                   0x08000189   Thumb Code     8  __main.o(!!!main)
    __scatterload                            0x08000191   Thumb Code     0  __scatter.o(!!!scatter)
    __scatterload_rt2                        0x08000191   Thumb Code    44  __scatter.o(!!!scatter)
    __scatterload_rt2_thumb_only             0x08000191   Thumb Code     0  __scatter.o(!!!scatter)
    __scatterload_null                       0x0800019f   Thumb Code     0  __scatter.o(!!!scatter)
    __scatterload_copy                       0x080001c5   Thumb Code    26  __scatter_copy.o(!!handler_copy)
    __scatterload_zeroinit                   0x080001e1   Thumb Code    28  __scatter_zi.o(!!handler_zi)
    _printf_f                                0x080001fd   Thumb Code     0  _printf_f.o(.ARM.Collect$$_printf_percent$$00000003)
    _printf_percent                          0x080001fd   Thumb Code     0  _printf_percent.o(.ARM.Collect$$_printf_percent$$00000000)
    _printf_d                                0x08000203   Thumb Code     0  _printf_d.o(.ARM.Collect$$_printf_percent$$00000009)
    _printf_percent_end                      0x08000209   Thumb Code     0  _printf_percent_end.o(.ARM.Collect$$_printf_percent$$00000017)
    __rt_lib_init                            0x0800020d   Thumb Code     0  libinit.o(.ARM.Collect$$libinit$$00000000)
    __rt_lib_init_fp_1                       0x0800020f   Thumb Code     0  libinit2.o(.ARM.Collect$$libinit$$00000001)
    __rt_lib_init_heap_1                     0x08000213   Thumb Code     0  libinit2.o(.ARM.Collect$$libinit$$0000000A)
    __rt_lib_init_lc_common                  0x08000213   Thumb Code     0  libinit2.o(.ARM.Collect$$libinit$$0000000F)
    __rt_lib_init_preinit_1                  0x08000213   Thumb Code     0  libinit2.o(.ARM.Collect$$libinit$$00000004)
    __rt_lib_init_rand_1                     0x08000213   Thumb Code     0  libinit2.o(.ARM.Collect$$libinit$$0000000E)
    __rt_lib_init_user_alloc_1               0x08000213   Thumb Code     0  libinit2.o(.ARM.Collect$$libinit$$0000000C)
    __rt_lib_init_lc_collate_1               0x08000219   Thumb Code     0  libinit2.o(.ARM.Collect$$libinit$$00000011)
    __rt_lib_init_lc_ctype_1                 0x08000219   Thumb Code     0  libinit2.o(.ARM.Collect$$libinit$$00000013)
    __rt_lib_init_lc_monetary_1              0x08000219   Thumb Code     0  libinit2.o(.ARM.Collect$$libinit$$00000015)
    __rt_lib_init_lc_numeric_2               0x08000219   Thumb Code     0  libinit2.o(.ARM.Collect$$libinit$$00000016)
    __rt_lib_init_alloca_1                   0x08000223   Thumb Code     0  libinit2.o(.ARM.Collect$$libinit$$0000002E)
    __rt_lib_init_argv_1                     0x08000223   Thumb Code     0  libinit2.o(.ARM.Collect$$libinit$$0000002C)
    __rt_lib_init_atexit_1                   0x08000223   Thumb Code     0  libinit2.o(.ARM.Collect$$libinit$$0000001B)
    __rt_lib_init_clock_1                    0x08000223   Thumb Code     0  libinit2.o(.ARM.Collect$$libinit$$00000021)
    __rt_lib_init_cpp_1                      0x08000223   Thumb Code     0  libinit2.o(.ARM.Collect$$libinit$$00000032)
    __rt_lib_init_exceptions_1               0x08000223   Thumb Code     0  libinit2.o(.ARM.Collect$$libinit$$00000030)
    __rt_lib_init_fp_trap_1                  0x08000223   Thumb Code     0  libinit2.o(.ARM.Collect$$libinit$$0000001F)
    __rt_lib_init_getenv_1                   0x08000223   Thumb Code     0  libinit2.o(.ARM.Collect$$libinit$$00000023)
    __rt_lib_init_lc_numeric_1               0x08000223   Thumb Code     0  libinit2.o(.ARM.Collect$$libinit$$00000017)
    __rt_lib_init_lc_time_1                  0x08000223   Thumb Code     0  libinit2.o(.ARM.Collect$$libinit$$00000019)
    __rt_lib_init_return                     0x08000223   Thumb Code     0  libinit2.o(.ARM.Collect$$libinit$$00000033)
    __rt_lib_init_signal_1                   0x08000223   Thumb Code     0  libinit2.o(.ARM.Collect$$libinit$$0000001D)
    __rt_lib_init_stdio_1                    0x08000223   Thumb Code     0  libinit2.o(.ARM.Collect$$libinit$$00000025)
    __rt_lib_shutdown                        0x08000225   Thumb Code     0  libshutdown.o(.ARM.Collect$$libshutdown$$00000000)
    __rt_lib_shutdown_cpp_1                  0x08000227   Thumb Code     0  libshutdown2.o(.ARM.Collect$$libshutdown$$00000002)
    __rt_lib_shutdown_fp_trap_1              0x08000227   Thumb Code     0  libshutdown2.o(.ARM.Collect$$libshutdown$$00000007)
    __rt_lib_shutdown_heap_1                 0x08000227   Thumb Code     0  libshutdown2.o(.ARM.Collect$$libshutdown$$0000000F)
    __rt_lib_shutdown_return                 0x08000227   Thumb Code     0  libshutdown2.o(.ARM.Collect$$libshutdown$$00000010)
    __rt_lib_shutdown_signal_1               0x08000227   Thumb Code     0  libshutdown2.o(.ARM.Collect$$libshutdown$$0000000A)
    __rt_lib_shutdown_stdio_1                0x08000227   Thumb Code     0  libshutdown2.o(.ARM.Collect$$libshutdown$$00000004)
    __rt_lib_shutdown_user_alloc_1           0x08000227   Thumb Code     0  libshutdown2.o(.ARM.Collect$$libshutdown$$0000000C)
    __rt_entry                               0x08000229   Thumb Code     0  __rtentry.o(.ARM.Collect$$rtentry$$00000000)
    __rt_entry_presh_1                       0x08000229   Thumb Code     0  __rtentry2.o(.ARM.Collect$$rtentry$$00000002)
    __rt_entry_sh                            0x08000229   Thumb Code     0  __rtentry4.o(.ARM.Collect$$rtentry$$00000004)
    __rt_entry_li                            0x0800022f   Thumb Code     0  __rtentry2.o(.ARM.Collect$$rtentry$$0000000A)
    __rt_entry_postsh_1                      0x0800022f   Thumb Code     0  __rtentry2.o(.ARM.Collect$$rtentry$$00000009)
    __rt_entry_main                          0x08000233   Thumb Code     0  __rtentry2.o(.ARM.Collect$$rtentry$$0000000D)
    __rt_entry_postli_1                      0x08000233   Thumb Code     0  __rtentry2.o(.ARM.Collect$$rtentry$$0000000C)
    __rt_exit                                0x0800023b   Thumb Code     0  rtexit.o(.ARM.Collect$$rtexit$$00000000)
    __rt_exit_ls                             0x0800023d   Thumb Code     0  rtexit2.o(.ARM.Collect$$rtexit$$00000003)
    __rt_exit_prels_1                        0x0800023d   Thumb Code     0  rtexit2.o(.ARM.Collect$$rtexit$$00000002)
    __rt_exit_exit                           0x08000241   Thumb Code     0  rtexit2.o(.ARM.Collect$$rtexit$$00000004)
    Reset_Handler                            0x08000249   Thumb Code     8  startup_stm32f40_41xxx.o(.text)
    ADC_IRQHandler                           0x08000263   Thumb Code     0  startup_stm32f40_41xxx.o(.text)
    CAN1_RX0_IRQHandler                      0x08000263   Thumb Code     0  startup_stm32f40_41xxx.o(.text)
    CAN1_RX1_IRQHandler                      0x08000263   Thumb Code     0  startup_stm32f40_41xxx.o(.text)
    CAN1_SCE_IRQHandler                      0x08000263   Thumb Code     0  startup_stm32f40_41xxx.o(.text)
    CAN1_TX_IRQHandler                       0x08000263   Thumb Code     0  startup_stm32f40_41xxx.o(.text)
    CAN2_RX0_IRQHandler                      0x08000263   Thumb Code     0  startup_stm32f40_41xxx.o(.text)
    CAN2_RX1_IRQHandler                      0x08000263   Thumb Code     0  startup_stm32f40_41xxx.o(.text)
    CAN2_SCE_IRQHandler                      0x08000263   Thumb Code     0  startup_stm32f40_41xxx.o(.text)
    CAN2_TX_IRQHandler                       0x08000263   Thumb Code     0  startup_stm32f40_41xxx.o(.text)
    CRYP_IRQHandler                          0x08000263   Thumb Code     0  startup_stm32f40_41xxx.o(.text)
    DCMI_IRQHandler                          0x08000263   Thumb Code     0  startup_stm32f40_41xxx.o(.text)
    DMA1_Stream0_IRQHandler                  0x08000263   Thumb Code     0  startup_stm32f40_41xxx.o(.text)
    DMA1_Stream1_IRQHandler                  0x08000263   Thumb Code     0  startup_stm32f40_41xxx.o(.text)
    DMA1_Stream2_IRQHandler                  0x08000263   Thumb Code     0  startup_stm32f40_41xxx.o(.text)
    DMA1_Stream3_IRQHandler                  0x08000263   Thumb Code     0  startup_stm32f40_41xxx.o(.text)
    DMA1_Stream4_IRQHandler                  0x08000263   Thumb Code     0  startup_stm32f40_41xxx.o(.text)
    DMA1_Stream5_IRQHandler                  0x08000263   Thumb Code     0  startup_stm32f40_41xxx.o(.text)
    DMA1_Stream7_IRQHandler                  0x08000263   Thumb Code     0  startup_stm32f40_41xxx.o(.text)
    DMA2_Stream0_IRQHandler                  0x08000263   Thumb Code     0  startup_stm32f40_41xxx.o(.text)
    DMA2_Stream1_IRQHandler                  0x08000263   Thumb Code     0  startup_stm32f40_41xxx.o(.text)
    DMA2_Stream2_IRQHandler                  0x08000263   Thumb Code     0  startup_stm32f40_41xxx.o(.text)
    DMA2_Stream3_IRQHandler                  0x08000263   Thumb Code     0  startup_stm32f40_41xxx.o(.text)
    DMA2_Stream4_IRQHandler                  0x08000263   Thumb Code     0  startup_stm32f40_41xxx.o(.text)
    DMA2_Stream5_IRQHandler                  0x08000263   Thumb Code     0  startup_stm32f40_41xxx.o(.text)
    DMA2_Stream6_IRQHandler                  0x08000263   Thumb Code     0  startup_stm32f40_41xxx.o(.text)
    DMA2_Stream7_IRQHandler                  0x08000263   Thumb Code     0  startup_stm32f40_41xxx.o(.text)
    ETH_IRQHandler                           0x08000263   Thumb Code     0  startup_stm32f40_41xxx.o(.text)
    ETH_WKUP_IRQHandler                      0x08000263   Thumb Code     0  startup_stm32f40_41xxx.o(.text)
    EXTI15_10_IRQHandler                     0x08000263   Thumb Code     0  startup_stm32f40_41xxx.o(.text)
    EXTI1_IRQHandler                         0x08000263   Thumb Code     0  startup_stm32f40_41xxx.o(.text)
    EXTI2_IRQHandler                         0x08000263   Thumb Code     0  startup_stm32f40_41xxx.o(.text)
    EXTI3_IRQHandler                         0x08000263   Thumb Code     0  startup_stm32f40_41xxx.o(.text)
    EXTI4_IRQHandler                         0x08000263   Thumb Code     0  startup_stm32f40_41xxx.o(.text)
    EXTI9_5_IRQHandler                       0x08000263   Thumb Code     0  startup_stm32f40_41xxx.o(.text)
    FLASH_IRQHandler                         0x08000263   Thumb Code     0  startup_stm32f40_41xxx.o(.text)
    FPU_IRQHandler                           0x08000263   Thumb Code     0  startup_stm32f40_41xxx.o(.text)
    FSMC_IRQHandler                          0x08000263   Thumb Code     0  startup_stm32f40_41xxx.o(.text)
    HASH_RNG_IRQHandler                      0x08000263   Thumb Code     0  startup_stm32f40_41xxx.o(.text)
    I2C1_ER_IRQHandler                       0x08000263   Thumb Code     0  startup_stm32f40_41xxx.o(.text)
    I2C1_EV_IRQHandler                       0x08000263   Thumb Code     0  startup_stm32f40_41xxx.o(.text)
    I2C2_ER_IRQHandler                       0x08000263   Thumb Code     0  startup_stm32f40_41xxx.o(.text)
    I2C2_EV_IRQHandler                       0x08000263   Thumb Code     0  startup_stm32f40_41xxx.o(.text)
    I2C3_ER_IRQHandler                       0x08000263   Thumb Code     0  startup_stm32f40_41xxx.o(.text)
    I2C3_EV_IRQHandler                       0x08000263   Thumb Code     0  startup_stm32f40_41xxx.o(.text)
    OTG_FS_IRQHandler                        0x08000263   Thumb Code     0  startup_stm32f40_41xxx.o(.text)
    OTG_FS_WKUP_IRQHandler                   0x08000263   Thumb Code     0  startup_stm32f40_41xxx.o(.text)
    OTG_HS_EP1_IN_IRQHandler                 0x08000263   Thumb Code     0  startup_stm32f40_41xxx.o(.text)
    OTG_HS_EP1_OUT_IRQHandler                0x08000263   Thumb Code     0  startup_stm32f40_41xxx.o(.text)
    OTG_HS_IRQHandler                        0x08000263   Thumb Code     0  startup_stm32f40_41xxx.o(.text)
    OTG_HS_WKUP_IRQHandler                   0x08000263   Thumb Code     0  startup_stm32f40_41xxx.o(.text)
    PVD_IRQHandler                           0x08000263   Thumb Code     0  startup_stm32f40_41xxx.o(.text)
    RCC_IRQHandler                           0x08000263   Thumb Code     0  startup_stm32f40_41xxx.o(.text)
    RTC_Alarm_IRQHandler                     0x08000263   Thumb Code     0  startup_stm32f40_41xxx.o(.text)
    RTC_WKUP_IRQHandler                      0x08000263   Thumb Code     0  startup_stm32f40_41xxx.o(.text)
    SDIO_IRQHandler                          0x08000263   Thumb Code     0  startup_stm32f40_41xxx.o(.text)
    SPI1_IRQHandler                          0x08000263   Thumb Code     0  startup_stm32f40_41xxx.o(.text)
    SPI2_IRQHandler                          0x08000263   Thumb Code     0  startup_stm32f40_41xxx.o(.text)
    SPI3_IRQHandler                          0x08000263   Thumb Code     0  startup_stm32f40_41xxx.o(.text)
    TAMP_STAMP_IRQHandler                    0x08000263   Thumb Code     0  startup_stm32f40_41xxx.o(.text)
    TIM1_BRK_TIM9_IRQHandler                 0x08000263   Thumb Code     0  startup_stm32f40_41xxx.o(.text)
    TIM1_CC_IRQHandler                       0x08000263   Thumb Code     0  startup_stm32f40_41xxx.o(.text)
    TIM1_TRG_COM_TIM11_IRQHandler            0x08000263   Thumb Code     0  startup_stm32f40_41xxx.o(.text)
    TIM1_UP_TIM10_IRQHandler                 0x08000263   Thumb Code     0  startup_stm32f40_41xxx.o(.text)
    TIM2_IRQHandler                          0x08000263   Thumb Code     0  startup_stm32f40_41xxx.o(.text)
    TIM6_DAC_IRQHandler                      0x08000263   Thumb Code     0  startup_stm32f40_41xxx.o(.text)
    TIM8_BRK_TIM12_IRQHandler                0x08000263   Thumb Code     0  startup_stm32f40_41xxx.o(.text)
    TIM8_CC_IRQHandler                       0x08000263   Thumb Code     0  startup_stm32f40_41xxx.o(.text)
    TIM8_TRG_COM_TIM14_IRQHandler            0x08000263   Thumb Code     0  startup_stm32f40_41xxx.o(.text)
    TIM8_UP_TIM13_IRQHandler                 0x08000263   Thumb Code     0  startup_stm32f40_41xxx.o(.text)
    UART4_IRQHandler                         0x08000263   Thumb Code     0  startup_stm32f40_41xxx.o(.text)
    UART5_IRQHandler                         0x08000263   Thumb Code     0  startup_stm32f40_41xxx.o(.text)
    USART1_IRQHandler                        0x08000263   Thumb Code     0  startup_stm32f40_41xxx.o(.text)
    USART3_IRQHandler                        0x08000263   Thumb Code     0  startup_stm32f40_41xxx.o(.text)
    USART6_IRQHandler                        0x08000263   Thumb Code     0  startup_stm32f40_41xxx.o(.text)
    WWDG_IRQHandler                          0x08000263   Thumb Code     0  startup_stm32f40_41xxx.o(.text)
    __user_initial_stackheap                 0x08000265   Thumb Code     0  startup_stm32f40_41xxx.o(.text)
    __2sprintf                               0x08000289   Thumb Code    34  noretval__2sprintf.o(.text)
    _printf_int_dec                          0x080002b1   Thumb Code   104  _printf_dec.o(.text)
    __printf                                 0x08000329   Thumb Code   352  __printf_ss_wp.o(.text)
    __use_two_region_memory                  0x08000489   Thumb Code     2  heapauxi.o(.text)
    __rt_heap_escrow$2region                 0x0800048b   Thumb Code     2  heapauxi.o(.text)
    __rt_heap_expand$2region                 0x0800048d   Thumb Code     2  heapauxi.o(.text)
    __read_errno                             0x0800048f   Thumb Code    10  _rserrno.o(.text)
    __set_errno                              0x08000499   Thumb Code    12  _rserrno.o(.text)
    _printf_int_common                       0x080004a5   Thumb Code   178  _printf_intcommon.o(.text)
    __lib_sel_fp_printf                      0x08000557   Thumb Code     2  _printf_fp_dec.o(.text)
    _printf_fp_dec_real                      0x08000709   Thumb Code   620  _printf_fp_dec.o(.text)
    _printf_char_common                      0x0800097f   Thumb Code    32  _printf_char_common.o(.text)
    _sputc                                   0x080009a5   Thumb Code    10  _sputc.o(.text)
    __rt_locale                              0x080009b1   Thumb Code     8  rt_locale_intlibspace.o(.text)
    __aeabi_errno_addr                       0x080009b9   Thumb Code     8  rt_errno_addr_intlibspace.o(.text)
    __errno$intlibspace                      0x080009b9   Thumb Code     0  rt_errno_addr_intlibspace.o(.text)
    __rt_errno_addr$intlibspace              0x080009b9   Thumb Code     0  rt_errno_addr_intlibspace.o(.text)
    _ll_udiv10                               0x080009c1   Thumb Code   138  lludiv10.o(.text)
    _printf_fp_infnan                        0x08000a4d   Thumb Code   112  _printf_fp_infnan.o(.text)
    _btod_etento                             0x08000acd   Thumb Code   224  bigflt0.o(.text)
    __user_libspace                          0x08000bb1   Thumb Code     8  libspace.o(.text)
    __user_perproc_libspace                  0x08000bb1   Thumb Code     0  libspace.o(.text)
    __user_perthread_libspace                0x08000bb1   Thumb Code     0  libspace.o(.text)
    __user_setup_stackheap                   0x08000bb9   Thumb Code    74  sys_stackheap_outer.o(.text)
    exit                                     0x08000c03   Thumb Code    18  exit.o(.text)
    strcmp                                   0x08000c15   Thumb Code   128  strcmpv7m.o(.text)
    _sys_exit                                0x08000c95   Thumb Code     8  sys_exit.o(.text)
    __I$use$semihosting                      0x08000ca1   Thumb Code     0  use_no_semi.o(.text)
    __use_no_semihosting_swi                 0x08000ca1   Thumb Code     2  use_no_semi.o(.text)
    __semihosting_library_function           0x08000ca3   Thumb Code     0  indicate_semi.o(.text)
    _btod_d2e                                0x08000ca3   Thumb Code    62  btod.o(CL$$btod_d2e)
    _d2e_denorm_low                          0x08000ce1   Thumb Code    70  btod.o(CL$$btod_d2e_denorm_low)
    _d2e_norm_op1                            0x08000d27   Thumb Code    96  btod.o(CL$$btod_d2e_norm_op1)
    __btod_div_common                        0x08000d87   Thumb Code   696  btod.o(CL$$btod_div_common)
    _e2e                                     0x080010bf   Thumb Code   220  btod.o(CL$$btod_e2e)
    _btod_ediv                               0x0800119b   Thumb Code    42  btod.o(CL$$btod_ediv)
    _btod_emul                               0x080011c5   Thumb Code    42  btod.o(CL$$btod_emul)
    __btod_mult_common                       0x080011ef   Thumb Code   580  btod.o(CL$$btod_mult_common)
    ADC1_init                                0x08001435   Thumb Code   308  adc.o(i.ADC1_init)
    ADC_Cmd                                  0x08001579   Thumb Code    22  stm32f4xx_adc.o(i.ADC_Cmd)
    ADC_CommonInit                           0x08001591   Thumb Code    34  stm32f4xx_adc.o(i.ADC_CommonInit)
    ADC_DMACmd                               0x080015c1   Thumb Code    22  stm32f4xx_adc.o(i.ADC_DMACmd)
    ADC_DMARequestAfterLastTransferCmd       0x080015d7   Thumb Code    22  stm32f4xx_adc.o(i.ADC_DMARequestAfterLastTransferCmd)
    ADC_Init                                 0x080015ed   Thumb Code    74  stm32f4xx_adc.o(i.ADC_Init)
    ADC_RegularChannelConfig                 0x08001641   Thumb Code   184  stm32f4xx_adc.o(i.ADC_RegularChannelConfig)
    ADC_SoftwareStartConv                    0x080016f9   Thumb Code    10  stm32f4xx_adc.o(i.ADC_SoftwareStartConv)
    BCD_DEC                                  0x08001703   Thumb Code    40  main.o(i.BCD_DEC)
    BusFault_Handler                         0x0800172b   Thumb Code     4  stm32f4xx_it.o(i.BusFault_Handler)
    CLEAR_LCD                                0x0800172f   Thumb Code    12  lcd.o(i.CLEAR_LCD)
    DMA1_Stream6_IRQHandler                  0x0800173d   Thumb Code    40  usart.o(i.DMA1_Stream6_IRQHandler)
    DMA1_USART2_init                         0x08001771   Thumb Code   154  usart.o(i.DMA1_USART2_init)
    DMA_ClearITPendingBit                    0x0800181d   Thumb Code    38  stm32f4xx_dma.o(i.DMA_ClearITPendingBit)
    DMA_Cmd                                  0x08001851   Thumb Code    22  stm32f4xx_dma.o(i.DMA_Cmd)
    DMA_GetITStatus                          0x08001869   Thumb Code    82  stm32f4xx_dma.o(i.DMA_GetITStatus)
    DMA_ITConfig                             0x080018cd   Thumb Code    58  stm32f4xx_dma.o(i.DMA_ITConfig)
    DMA_Init                                 0x08001909   Thumb Code    82  stm32f4xx_dma.o(i.DMA_Init)
    DebugMon_Handler                         0x08001961   Thumb Code     2  stm32f4xx_it.o(i.DebugMon_Handler)
    Delay_Ms                                 0x08001965   Thumb Code    38  timer.o(i.Delay_Ms)
    Delay_Us                                 0x08001991   Thumb Code    36  timer.o(i.Delay_Us)
    EXTI0_IRQHandler                         0x080019b9   Thumb Code    72  exti.o(i.EXTI0_IRQHandler)
    EXTILine0_Config                         0x08001a0d   Thumb Code   130  exti.o(i.EXTILine0_Config)
    EXTI_ClearITPendingBit                   0x08001a95   Thumb Code     6  stm32f4xx_exti.o(i.EXTI_ClearITPendingBit)
    EXTI_GetITStatus                         0x08001aa1   Thumb Code    20  stm32f4xx_exti.o(i.EXTI_GetITStatus)
    EXTI_Init                                0x08001ab9   Thumb Code   142  stm32f4xx_exti.o(i.EXTI_Init)
    GPIO_Configuration                       0x08001b4d   Thumb Code   200  gpio.o(i.GPIO_Configuration)
    GPIO_Init                                0x08001c29   Thumb Code   144  stm32f4xx_gpio.o(i.GPIO_Init)
    GPIO_PinAFConfig                         0x08001cb9   Thumb Code    70  stm32f4xx_gpio.o(i.GPIO_PinAFConfig)
    GPIO_ReadInputDataBit                    0x08001cff   Thumb Code    18  stm32f4xx_gpio.o(i.GPIO_ReadInputDataBit)
    GPIO_ResetBits                           0x08001d11   Thumb Code     6  stm32f4xx_gpio.o(i.GPIO_ResetBits)
    GPIO_SetBits                             0x08001d17   Thumb Code     4  stm32f4xx_gpio.o(i.GPIO_SetBits)
    GPIO_TIM_init                            0x08001d1d   Thumb Code   118  pwm.o(i.GPIO_TIM_init)
    GPIO_ToggleBits                          0x08001d99   Thumb Code     8  stm32f4xx_gpio.o(i.GPIO_ToggleBits)
    GPIO_WriteBit                            0x08001da1   Thumb Code    12  stm32f4xx_gpio.o(i.GPIO_WriteBit)
    HardFault_Handler                        0x08001dad   Thumb Code     4  stm32f4xx_it.o(i.HardFault_Handler)
    I2C_AcknowledgeConfig                    0x08001db1   Thumb Code    24  stm32f4xx_i2c.o(i.I2C_AcknowledgeConfig)
    I2C_CheckEvent                           0x08001dc9   Thumb Code    62  stm32f4xx_i2c.o(i.I2C_CheckEvent)
    I2C_Cmd                                  0x08001e07   Thumb Code    24  stm32f4xx_i2c.o(i.I2C_Cmd)
    I2C_DeInit                               0x08001e21   Thumb Code    82  stm32f4xx_i2c.o(i.I2C_DeInit)
    I2C_GenerateSTART                        0x08001e81   Thumb Code    24  stm32f4xx_i2c.o(i.I2C_GenerateSTART)
    I2C_GenerateSTOP                         0x08001e99   Thumb Code    24  stm32f4xx_i2c.o(i.I2C_GenerateSTOP)
    I2C_GetFlagStatus                        0x08001eb1   Thumb Code    58  stm32f4xx_i2c.o(i.I2C_GetFlagStatus)
    I2C_Init                                 0x08001eed   Thumb Code   218  stm32f4xx_i2c.o(i.I2C_Init)
    I2C_Receive                              0x08001fd5   Thumb Code   228  i2c.o(i.I2C_Receive)
    I2C_ReceiveData                          0x080020c1   Thumb Code     8  stm32f4xx_i2c.o(i.I2C_ReceiveData)
    I2C_Send                                 0x080020c9   Thumb Code   170  i2c.o(i.I2C_Send)
    I2C_Send7bitAddress                      0x0800217d   Thumb Code    16  stm32f4xx_i2c.o(i.I2C_Send7bitAddress)
    I2C_SendData                             0x0800218d   Thumb Code     4  stm32f4xx_i2c.o(i.I2C_SendData)
    I2C_init                                 0x08002191   Thumb Code   286  i2c.o(i.I2C_init)
    MPU6050_Init                             0x080022c1   Thumb Code    94  i2c.o(i.MPU6050_Init)
    MPU6050_Read_Accel                       0x08002325   Thumb Code   178  i2c.o(i.MPU6050_Read_Accel)
    MPU6050_Read_GYRO                        0x080023fd   Thumb Code   178  i2c.o(i.MPU6050_Read_GYRO)
    MemManage_Handler                        0x080024d5   Thumb Code     4  stm32f4xx_it.o(i.MemManage_Handler)
    NMI_Handler                              0x080024d9   Thumb Code     2  stm32f4xx_it.o(i.NMI_Handler)
    NVIC_Init                                0x080024dd   Thumb Code   106  misc.o(i.NVIC_Init)
    OUT_LCD                                  0x08002555   Thumb Code    68  lcd.o(i.OUT_LCD)
    PWM_TIM_init                             0x08002599   Thumb Code   102  pwm.o(i.PWM_TIM_init)
    PendSV_Handler                           0x08002605   Thumb Code     2  stm32f4xx_it.o(i.PendSV_Handler)
    RCC_AHB1PeriphClockCmd                   0x08002609   Thumb Code    26  stm32f4xx_rcc.o(i.RCC_AHB1PeriphClockCmd)
    RCC_APB1PeriphClockCmd                   0x08002629   Thumb Code    26  stm32f4xx_rcc.o(i.RCC_APB1PeriphClockCmd)
    RCC_APB1PeriphResetCmd                   0x08002649   Thumb Code    26  stm32f4xx_rcc.o(i.RCC_APB1PeriphResetCmd)
    RCC_APB2PeriphClockCmd                   0x08002669   Thumb Code    26  stm32f4xx_rcc.o(i.RCC_APB2PeriphClockCmd)
    RCC_GetClocksFreq                        0x08002689   Thumb Code   214  stm32f4xx_rcc.o(i.RCC_GetClocksFreq)
    SVC_Handler                              0x08002771   Thumb Code     2  stm32f4xx_it.o(i.SVC_Handler)
    SYSCFG_EXTILineConfig                    0x08002775   Thumb Code    60  stm32f4xx_syscfg.o(i.SYSCFG_EXTILineConfig)
    SysTick_Handler                          0x080028a1   Thumb Code     2  stm32f4xx_it.o(i.SysTick_Handler)
    SystemInit                               0x080028a5   Thumb Code    88  system_stm32f4xx.o(i.SystemInit)
    TIM3_Config                              0x08002a31   Thumb Code   212  pwm.o(i.TIM3_Config)
    TIM3_IRQHandler                          0x08002b0d   Thumb Code    90  pwm.o(i.TIM3_IRQHandler)
    TIM4_IRQHandler                          0x08002b7d   Thumb Code   228  pwm.o(i.TIM4_IRQHandler)
    TIM4_SampleTime                          0x08002c95   Thumb Code    94  pwm.o(i.TIM4_SampleTime)
    TIM5_IRQHandler                          0x08002cf9   Thumb Code    88  ledmatrix.o(i.TIM5_IRQHandler)
    TIM5_SampleTime                          0x08002d61   Thumb Code    94  ledmatrix.o(i.TIM5_SampleTime)
    TIM7_IRQHandler                          0x08002dc5   Thumb Code   138  led7seg.o(i.TIM7_IRQHandler)
    TIM7_SampleTime                          0x08002e71   Thumb Code    94  led7seg.o(i.TIM7_SampleTime)
    TIMER_Configuration                      0x08002ed5   Thumb Code    46  timer.o(i.TIMER_Configuration)
    TIMER_TIM_init                           0x08002f09   Thumb Code    46  pwm.o(i.TIMER_TIM_init)
    TIM_CCxCmd                               0x08002f3d   Thumb Code    30  stm32f4xx_tim.o(i.TIM_CCxCmd)
    TIM_ClearITPendingBit                    0x08002f5b   Thumb Code     6  stm32f4xx_tim.o(i.TIM_ClearITPendingBit)
    TIM_Cmd                                  0x08002f61   Thumb Code    24  stm32f4xx_tim.o(i.TIM_Cmd)
    TIM_CtrlPWMOutputs                       0x08002f79   Thumb Code    30  stm32f4xx_tim.o(i.TIM_CtrlPWMOutputs)
    TIM_GetCounter                           0x08002f97   Thumb Code     6  stm32f4xx_tim.o(i.TIM_GetCounter)
    TIM_GetITStatus                          0x08002f9d   Thumb Code    34  stm32f4xx_tim.o(i.TIM_GetITStatus)
    TIM_ICInit                               0x08002fbf   Thumb Code   110  stm32f4xx_tim.o(i.TIM_ICInit)
    TIM_ITConfig                             0x0800302d   Thumb Code    18  stm32f4xx_tim.o(i.TIM_ITConfig)
    TIM_OC1Init                              0x08003041   Thumb Code   114  stm32f4xx_tim.o(i.TIM_OC1Init)
    TIM_OC1PreloadConfig                     0x080030bd   Thumb Code    18  stm32f4xx_tim.o(i.TIM_OC1PreloadConfig)
    TIM_OC2Init                              0x080030d1   Thumb Code   154  stm32f4xx_tim.o(i.TIM_OC2Init)
    TIM_OC2PreloadConfig                     0x08003175   Thumb Code    26  stm32f4xx_tim.o(i.TIM_OC2PreloadConfig)
    TIM_PWMIConfig                           0x0800318f   Thumb Code   124  stm32f4xx_tim.o(i.TIM_PWMIConfig)
    TIM_SelectInputTrigger                   0x0800320b   Thumb Code    18  stm32f4xx_tim.o(i.TIM_SelectInputTrigger)
    TIM_SelectMasterSlaveMode                0x0800321d   Thumb Code    18  stm32f4xx_tim.o(i.TIM_SelectMasterSlaveMode)
    TIM_SelectSlaveMode                      0x0800322f   Thumb Code    18  stm32f4xx_tim.o(i.TIM_SelectSlaveMode)
    TIM_SetCounter                           0x08003241   Thumb Code     4  stm32f4xx_tim.o(i.TIM_SetCounter)
    TIM_SetIC1Prescaler                      0x08003245   Thumb Code    18  stm32f4xx_tim.o(i.TIM_SetIC1Prescaler)
    TIM_SetIC2Prescaler                      0x08003257   Thumb Code    26  stm32f4xx_tim.o(i.TIM_SetIC2Prescaler)
    TIM_SetIC3Prescaler                      0x08003271   Thumb Code    18  stm32f4xx_tim.o(i.TIM_SetIC3Prescaler)
    TIM_SetIC4Prescaler                      0x08003283   Thumb Code    26  stm32f4xx_tim.o(i.TIM_SetIC4Prescaler)
    TIM_TimeBaseInit                         0x0800329d   Thumb Code   104  stm32f4xx_tim.o(i.TIM_TimeBaseInit)
    USART2_IRQHandler                        0x08003321   Thumb Code    30  usart.o(i.USART2_IRQHandler)
    USART2_Init                              0x08003345   Thumb Code   176  usart.o(i.USART2_Init)
    USART_ClearITPendingBit                  0x080033fd   Thumb Code    30  stm32f4xx_usart.o(i.USART_ClearITPendingBit)
    USART_Cmd                                0x0800341b   Thumb Code    24  stm32f4xx_usart.o(i.USART_Cmd)
    USART_DMACmd                             0x08003433   Thumb Code    18  stm32f4xx_usart.o(i.USART_DMACmd)
    USART_GetITStatus                        0x08003445   Thumb Code    84  stm32f4xx_usart.o(i.USART_GetITStatus)
    USART_ITConfig                           0x08003499   Thumb Code    74  stm32f4xx_usart.o(i.USART_ITConfig)
    USART_Init                               0x080034e5   Thumb Code   204  stm32f4xx_usart.o(i.USART_Init)
    USART_RXNE                               0x080035b9   Thumb Code    14  main.o(i.USART_RXNE)
    UsageFault_Handler                       0x080035cd   Thumb Code     4  stm32f4xx_it.o(i.UsageFault_Handler)
    __ARM_fpclassify                         0x080035d1   Thumb Code    48  fpclassify.o(i.__ARM_fpclassify)
    __hardfp_log                             0x08003601   Thumb Code   872  log.o(i.__hardfp_log)
    __kernel_poly                            0x080039c5   Thumb Code   248  poly.o(i.__kernel_poly)
    __mathlib_dbl_divzero                    0x08003ac1   Thumb Code    28  dunder.o(i.__mathlib_dbl_divzero)
    __mathlib_dbl_infnan                     0x08003af1   Thumb Code    20  dunder.o(i.__mathlib_dbl_infnan)
    __mathlib_dbl_invalid                    0x08003b09   Thumb Code    24  dunder.o(i.__mathlib_dbl_invalid)
    _is_digit                                0x08003b29   Thumb Code    14  __printf_wp.o(i._is_digit)
    cmdwrite                                 0x08003b39   Thumb Code    70  lcd.o(i.cmdwrite)
    datawrite                                0x08003b89   Thumb Code    68  lcd.o(i.datawrite)
    display_7seg                             0x08003bd5   Thumb Code    74  led7seg.o(i.display_7seg)
    hc595_shift                              0x08003c25   Thumb Code    88  led7seg.o(i.hc595_shift)
    hc595_shift_matrix                       0x08003c85   Thumb Code    84  ledmatrix.o(i.hc595_shift_matrix)
    init_lcd                                 0x08003cdd   Thumb Code    86  lcd.o(i.init_lcd)
    led7seg_init                             0x08003d35   Thumb Code    96  led7seg.o(i.led7seg_init)
    ledmatrix_init                           0x08003d9d   Thumb Code    50  ledmatrix.o(i.ledmatrix_init)
    main                                     0x08003dd5   Thumb Code   872  main.o(i.main)
    sendhc05                                 0x08004249   Thumb Code   328  usart.o(i.sendhc05)
    speed_pwm                                0x0800446d   Thumb Code    36  pwm.o(i.speed_pwm)
    xulyhex                                  0x08004499   Thumb Code   106  lcd.o(i.xulyhex)
    _get_lc_numeric                          0x08004511   Thumb Code    44  lc_numeric_c.o(locale$$code)
    __aeabi_dneg                             0x0800453d   Thumb Code     0  basic.o(x$fpl$basic)
    _dneg                                    0x0800453d   Thumb Code     6  basic.o(x$fpl$basic)
    __aeabi_fneg                             0x08004543   Thumb Code     0  basic.o(x$fpl$basic)
    _fneg                                    0x08004543   Thumb Code     6  basic.o(x$fpl$basic)
    _dabs                                    0x08004549   Thumb Code     6  basic.o(x$fpl$basic)
    _fabs                                    0x0800454f   Thumb Code     6  basic.o(x$fpl$basic)
    __aeabi_d2f                              0x08004555   Thumb Code     0  d2f.o(x$fpl$d2f)
    _d2f                                     0x08004555   Thumb Code    98  d2f.o(x$fpl$d2f)
    __aeabi_dadd                             0x080045b9   Thumb Code     0  daddsub_clz.o(x$fpl$dadd)
    _dadd                                    0x080045b9   Thumb Code   332  daddsub_clz.o(x$fpl$dadd)
    __fpl_dcmp_Inf                           0x08004709   Thumb Code    24  dcmpi.o(x$fpl$dcmpinf)
    __aeabi_ddiv                             0x08004721   Thumb Code     0  ddiv.o(x$fpl$ddiv)
    _ddiv                                    0x08004721   Thumb Code   552  ddiv.o(x$fpl$ddiv)
    __aeabi_cdcmpeq                          0x080049d1   Thumb Code     0  deqf.o(x$fpl$deqf)
    _dcmpeq                                  0x080049d1   Thumb Code   120  deqf.o(x$fpl$deqf)
    __aeabi_d2iz                             0x08004a49   Thumb Code     0  dfix.o(x$fpl$dfix)
    _dfix                                    0x08004a49   Thumb Code    94  dfix.o(x$fpl$dfix)
    __aeabi_i2d                              0x08004aa7   Thumb Code     0  dflt_clz.o(x$fpl$dflt)
    _dflt                                    0x08004aa7   Thumb Code    46  dflt_clz.o(x$fpl$dflt)
    __aeabi_ui2d                             0x08004ad5   Thumb Code     0  dflt_clz.o(x$fpl$dfltu)
    _dfltu                                   0x08004ad5   Thumb Code    38  dflt_clz.o(x$fpl$dfltu)
    __aeabi_cdcmple                          0x08004afd   Thumb Code     0  dleqf.o(x$fpl$dleqf)
    _dcmple                                  0x08004afd   Thumb Code   120  dleqf.o(x$fpl$dleqf)
    __fpl_dcmple_InfNaN                      0x08004b5f   Thumb Code     0  dleqf.o(x$fpl$dleqf)
    __aeabi_dmul                             0x08004b75   Thumb Code     0  dmul.o(x$fpl$dmul)
    _dmul                                    0x08004b75   Thumb Code   332  dmul.o(x$fpl$dmul)
    __fpl_dnaninf                            0x08004cc9   Thumb Code   156  dnaninf.o(x$fpl$dnaninf)
    __fpl_dretinf                            0x08004d65   Thumb Code    12  dretinf.o(x$fpl$dretinf)
    __aeabi_cdrcmple                         0x08004d71   Thumb Code     0  drleqf.o(x$fpl$drleqf)
    _drcmple                                 0x08004d71   Thumb Code   108  drleqf.o(x$fpl$drleqf)
    __aeabi_drsub                            0x08004ddd   Thumb Code     0  daddsub_clz.o(x$fpl$drsb)
    _drsb                                    0x08004ddd   Thumb Code    22  daddsub_clz.o(x$fpl$drsb)
    __aeabi_dsub                             0x08004df5   Thumb Code     0  daddsub_clz.o(x$fpl$dsub)
    _dsub                                    0x08004df5   Thumb Code   464  daddsub_clz.o(x$fpl$dsub)
    __aeabi_f2d                              0x08004fc9   Thumb Code     0  f2d.o(x$fpl$f2d)
    _f2d                                     0x08004fc9   Thumb Code    86  f2d.o(x$fpl$f2d)
    __fpl_fnaninf                            0x0800501f   Thumb Code   140  fnaninf.o(x$fpl$fnaninf)
    _fp_init                                 0x080050ab   Thumb Code    10  fpinit.o(x$fpl$fpinit)
    __fplib_config_fpu_vfp                   0x080050b3   Thumb Code     0  fpinit.o(x$fpl$fpinit)
    __fplib_config_pureend_doubles           0x080050b3   Thumb Code     0  fpinit.o(x$fpl$fpinit)
    __fpl_fretinf                            0x080050b5   Thumb Code    10  fretinf.o(x$fpl$fretinf)
    _printf_fp_dec                           0x080050bf   Thumb Code     4  printf1.o(x$fpl$printf1)
    __I$use$fp                               0x080050c2   Number         0  usenofp.o(x$fpl$usenofp)
    __mathlib_zero                           0x08005100   Data           8  qnan.o(.constdata)
    Region$$Table$$Base                      0x0800519c   Number         0  anon$$obj.o(Region$$Table)
    Region$$Table$$Limit                     0x080051bc   Number         0  anon$$obj.o(Region$$Table)
    BCDdata                                  0x20000000   Data           7  main.o(.data)
    DECdata                                  0x20000007   Data           7  main.o(.data)
    VAR                                      0x20000010   Data           8  main.o(.data)
    Humidity                                 0x20000018   Data           8  main.o(.data)
    Temperature                              0x20000020   Data           8  main.o(.data)
    joystickY                                0x20000028   Data           2  main.o(.data)
    joystickX                                0x2000002a   Data           2  main.o(.data)
    i                                        0x2000002c   Data           4  main.o(.data)
    led7seg                                  0x20000040   Data          10  led7seg.o(.data)
    digitIndex                               0x2000004a   Data           1  led7seg.o(.data)
    digits                                   0x2000004b   Data           4  led7seg.o(.data)
    data_7seg                                0x20000050   Data           4  led7seg.o(.data)
    count                                    0x20000054   Data           2  led7seg.o(.data)
    hc05send                                 0x20000056   Data           2  led7seg.o(.data)
    receive_usart                            0x20000058   Data           1  usart.o(.data)
    matrix                                   0x20000059   Data           8  ledmatrix.o(.data)
    currentRow                               0x20000061   Data           1  ledmatrix.o(.data)
    encoderValue                             0x20000064   Data           4  pwm.o(.data)
    rotaroty                                 0x20000068   Data           4  pwm.o(.data)
    position                                 0x2000006c   Data           4  pwm.o(.data)
    MotorDir                                 0x20000070   Data           1  pwm.o(.data)
    lastCaptureValue                         0x20000074   Data           4  pwm.o(.data)
    angularVelocity                          0x20000078   Data           4  pwm.o(.data)
    speed                                    0x2000007c   Data           4  pwm.o(.data)
    Accel_data                               0x20000080   Data           6  i2c.o(.data)
    Gyro_data                                0x20000086   Data           6  i2c.o(.data)
    Clock_data                               0x2000008c   Data           7  i2c.o(.data)
    MPU_data                                 0x20000093   Data           1  i2c.o(.data)
    Accel_X_RAW                              0x20000094   Data           2  i2c.o(.data)
    Accel_Y_RAW                              0x20000096   Data           2  i2c.o(.data)
    Accel_Z_RAW                              0x20000098   Data           2  i2c.o(.data)
    Gyro_X_RAW                               0x2000009a   Data           2  i2c.o(.data)
    Gyro_Y_RAW                               0x2000009c   Data           2  i2c.o(.data)
    Gyro_Z_RAW                               0x2000009e   Data           2  i2c.o(.data)
    Accel_X                                  0x200000a0   Data           8  i2c.o(.data)
    Accel_Y                                  0x200000a8   Data           8  i2c.o(.data)
    Accel_Z                                  0x200000b0   Data           8  i2c.o(.data)
    Gyro_X                                   0x200000b8   Data           8  i2c.o(.data)
    Gyro_Y                                   0x200000c0   Data           8  i2c.o(.data)
    Gyro_Z                                   0x200000c8   Data           8  i2c.o(.data)
    LCD_code                                 0x200000d0   Data           1  exti.o(.data)
    checknoise                               0x200000d1   Data           1  exti.o(.data)
    sAdcValue                                0x200000d4   Data          50  main.o(.bss)
    I2C_Value                                0x20000106   Data          50  main.o(.bss)
    ADC_Value                                0x20000138   Data          10  adc.o(.bss)
    receive_buffer                           0x20000142   Data          50  usart.o(.bss)
    trans_usart                              0x20000174   Data          50  usart.o(.bss)
    hc05                                     0x200001a6   Data          50  usart.o(.bss)
    __libspace_start                         0x200001d8   Data          96  libspace.o(.bss)
    __temporary_stack_top$libspace           0x20000238   Data           0  libspace.o(.bss)



==============================================================================

Memory Map of the image

  Image Entry point : 0x08000189

  Load Region LR_IROM1 (Base: 0x08000000, Size: 0x000052ac, Max: 0x00100000, ABSOLUTE)

    Execution Region ER_IROM1 (Exec base: 0x08000000, Load base: 0x08000000, Size: 0x000051d8, Max: 0x00100000, ABSOLUTE)

    Exec Addr    Load Addr    Size         Type   Attr      Idx    E Section Name        Object

    0x08000000   0x08000000   0x00000188   Data   RO          311    RESET               startup_stm32f40_41xxx.o
    0x08000188   0x08000188   0x00000008   Code   RO         2886  * !!!main             c_w.l(__main.o)
    0x08000190   0x08000190   0x00000034   Code   RO         3182    !!!scatter          c_w.l(__scatter.o)
    0x080001c4   0x080001c4   0x0000001a   Code   RO         3184    !!handler_copy      c_w.l(__scatter_copy.o)
    0x080001de   0x080001de   0x00000002   PAD
    0x080001e0   0x080001e0   0x0000001c   Code   RO         3186    !!handler_zi        c_w.l(__scatter_zi.o)
    0x080001fc   0x080001fc   0x00000000   Code   RO         2883    .ARM.Collect$$_printf_percent$$00000000  c_w.l(_printf_percent.o)
    0x080001fc   0x080001fc   0x00000006   Code   RO         2882    .ARM.Collect$$_printf_percent$$00000003  c_w.l(_printf_f.o)
    0x08000202   0x08000202   0x00000006   Code   RO         2881    .ARM.Collect$$_printf_percent$$00000009  c_w.l(_printf_d.o)
    0x08000208   0x08000208   0x00000004   Code   RO         2943    .ARM.Collect$$_printf_percent$$00000017  c_w.l(_printf_percent_end.o)
    0x0800020c   0x0800020c   0x00000002   Code   RO         3055    .ARM.Collect$$libinit$$00000000  c_w.l(libinit.o)
    0x0800020e   0x0800020e   0x00000004   Code   RO         3056    .ARM.Collect$$libinit$$00000001  c_w.l(libinit2.o)
    0x08000212   0x08000212   0x00000000   Code   RO         3059    .ARM.Collect$$libinit$$00000004  c_w.l(libinit2.o)
    0x08000212   0x08000212   0x00000000   Code   RO         3062    .ARM.Collect$$libinit$$0000000A  c_w.l(libinit2.o)
    0x08000212   0x08000212   0x00000000   Code   RO         3064    .ARM.Collect$$libinit$$0000000C  c_w.l(libinit2.o)
    0x08000212   0x08000212   0x00000000   Code   RO         3066    .ARM.Collect$$libinit$$0000000E  c_w.l(libinit2.o)
    0x08000212   0x08000212   0x00000006   Code   RO         3067    .ARM.Collect$$libinit$$0000000F  c_w.l(libinit2.o)
    0x08000218   0x08000218   0x00000000   Code   RO         3069    .ARM.Collect$$libinit$$00000011  c_w.l(libinit2.o)
    0x08000218   0x08000218   0x00000000   Code   RO         3071    .ARM.Collect$$libinit$$00000013  c_w.l(libinit2.o)
    0x08000218   0x08000218   0x00000000   Code   RO         3073    .ARM.Collect$$libinit$$00000015  c_w.l(libinit2.o)
    0x08000218   0x08000218   0x0000000a   Code   RO         3074    .ARM.Collect$$libinit$$00000016  c_w.l(libinit2.o)
    0x08000222   0x08000222   0x00000000   Code   RO         3075    .ARM.Collect$$libinit$$00000017  c_w.l(libinit2.o)
    0x08000222   0x08000222   0x00000000   Code   RO         3077    .ARM.Collect$$libinit$$00000019  c_w.l(libinit2.o)
    0x08000222   0x08000222   0x00000000   Code   RO         3079    .ARM.Collect$$libinit$$0000001B  c_w.l(libinit2.o)
    0x08000222   0x08000222   0x00000000   Code   RO         3081    .ARM.Collect$$libinit$$0000001D  c_w.l(libinit2.o)
    0x08000222   0x08000222   0x00000000   Code   RO         3083    .ARM.Collect$$libinit$$0000001F  c_w.l(libinit2.o)
    0x08000222   0x08000222   0x00000000   Code   RO         3085    .ARM.Collect$$libinit$$00000021  c_w.l(libinit2.o)
    0x08000222   0x08000222   0x00000000   Code   RO         3087    .ARM.Collect$$libinit$$00000023  c_w.l(libinit2.o)
    0x08000222   0x08000222   0x00000000   Code   RO         3089    .ARM.Collect$$libinit$$00000025  c_w.l(libinit2.o)
    0x08000222   0x08000222   0x00000000   Code   RO         3093    .ARM.Collect$$libinit$$0000002C  c_w.l(libinit2.o)
    0x08000222   0x08000222   0x00000000   Code   RO         3095    .ARM.Collect$$libinit$$0000002E  c_w.l(libinit2.o)
    0x08000222   0x08000222   0x00000000   Code   RO         3097    .ARM.Collect$$libinit$$00000030  c_w.l(libinit2.o)
    0x08000222   0x08000222   0x00000000   Code   RO         3099    .ARM.Collect$$libinit$$00000032  c_w.l(libinit2.o)
    0x08000222   0x08000222   0x00000002   Code   RO         3100    .ARM.Collect$$libinit$$00000033  c_w.l(libinit2.o)
    0x08000224   0x08000224   0x00000002   Code   RO         3130    .ARM.Collect$$libshutdown$$00000000  c_w.l(libshutdown.o)
    0x08000226   0x08000226   0x00000000   Code   RO         3141    .ARM.Collect$$libshutdown$$00000002  c_w.l(libshutdown2.o)
    0x08000226   0x08000226   0x00000000   Code   RO         3143    .ARM.Collect$$libshutdown$$00000004  c_w.l(libshutdown2.o)
    0x08000226   0x08000226   0x00000000   Code   RO         3146    .ARM.Collect$$libshutdown$$00000007  c_w.l(libshutdown2.o)
    0x08000226   0x08000226   0x00000000   Code   RO         3149    .ARM.Collect$$libshutdown$$0000000A  c_w.l(libshutdown2.o)
    0x08000226   0x08000226   0x00000000   Code   RO         3151    .ARM.Collect$$libshutdown$$0000000C  c_w.l(libshutdown2.o)
    0x08000226   0x08000226   0x00000000   Code   RO         3154    .ARM.Collect$$libshutdown$$0000000F  c_w.l(libshutdown2.o)
    0x08000226   0x08000226   0x00000002   Code   RO         3155    .ARM.Collect$$libshutdown$$00000010  c_w.l(libshutdown2.o)
    0x08000228   0x08000228   0x00000000   Code   RO         2932    .ARM.Collect$$rtentry$$00000000  c_w.l(__rtentry.o)
    0x08000228   0x08000228   0x00000000   Code   RO         2977    .ARM.Collect$$rtentry$$00000002  c_w.l(__rtentry2.o)
    0x08000228   0x08000228   0x00000006   Code   RO         2989    .ARM.Collect$$rtentry$$00000004  c_w.l(__rtentry4.o)
    0x0800022e   0x0800022e   0x00000000   Code   RO         2979    .ARM.Collect$$rtentry$$00000009  c_w.l(__rtentry2.o)
    0x0800022e   0x0800022e   0x00000004   Code   RO         2980    .ARM.Collect$$rtentry$$0000000A  c_w.l(__rtentry2.o)
    0x08000232   0x08000232   0x00000000   Code   RO         2982    .ARM.Collect$$rtentry$$0000000C  c_w.l(__rtentry2.o)
    0x08000232   0x08000232   0x00000008   Code   RO         2983    .ARM.Collect$$rtentry$$0000000D  c_w.l(__rtentry2.o)
    0x0800023a   0x0800023a   0x00000002   Code   RO         3101    .ARM.Collect$$rtexit$$00000000  c_w.l(rtexit.o)
    0x0800023c   0x0800023c   0x00000000   Code   RO         3108    .ARM.Collect$$rtexit$$00000002  c_w.l(rtexit2.o)
    0x0800023c   0x0800023c   0x00000004   Code   RO         3109    .ARM.Collect$$rtexit$$00000003  c_w.l(rtexit2.o)
    0x08000240   0x08000240   0x00000006   Code   RO         3110    .ARM.Collect$$rtexit$$00000004  c_w.l(rtexit2.o)
    0x08000246   0x08000246   0x00000002   PAD
    0x08000248   0x08000248   0x00000040   Code   RO          312    .text               startup_stm32f40_41xxx.o
    0x08000288   0x08000288   0x00000028   Code   RO         2855    .text               c_w.l(noretval__2sprintf.o)
    0x080002b0   0x080002b0   0x00000078   Code   RO         2859    .text               c_w.l(_printf_dec.o)
    0x08000328   0x08000328   0x00000160   Code   RO         2876    .text               c_w.l(__printf_ss_wp.o)
    0x08000488   0x08000488   0x00000006   Code   RO         2884    .text               c_w.l(heapauxi.o)
    0x0800048e   0x0800048e   0x00000016   Code   RO         2933    .text               c_w.l(_rserrno.o)
    0x080004a4   0x080004a4   0x000000b2   Code   RO         2935    .text               c_w.l(_printf_intcommon.o)
    0x08000556   0x08000556   0x0000041e   Code   RO         2937    .text               c_w.l(_printf_fp_dec.o)
    0x08000974   0x08000974   0x00000030   Code   RO         2939    .text               c_w.l(_printf_char_common.o)
    0x080009a4   0x080009a4   0x0000000a   Code   RO         2941    .text               c_w.l(_sputc.o)
    0x080009ae   0x080009ae   0x00000002   PAD
    0x080009b0   0x080009b0   0x00000008   Code   RO         2994    .text               c_w.l(rt_locale_intlibspace.o)
    0x080009b8   0x080009b8   0x00000008   Code   RO         2999    .text               c_w.l(rt_errno_addr_intlibspace.o)
    0x080009c0   0x080009c0   0x0000008a   Code   RO         3001    .text               c_w.l(lludiv10.o)
    0x08000a4a   0x08000a4a   0x00000002   PAD
    0x08000a4c   0x08000a4c   0x00000080   Code   RO         3003    .text               c_w.l(_printf_fp_infnan.o)
    0x08000acc   0x08000acc   0x000000e4   Code   RO         3007    .text               c_w.l(bigflt0.o)
    0x08000bb0   0x08000bb0   0x00000008   Code   RO         3041    .text               c_w.l(libspace.o)
    0x08000bb8   0x08000bb8   0x0000004a   Code   RO         3044    .text               c_w.l(sys_stackheap_outer.o)
    0x08000c02   0x08000c02   0x00000012   Code   RO         3046    .text               c_w.l(exit.o)
    0x08000c14   0x08000c14   0x00000080   Code   RO         3048    .text               c_w.l(strcmpv7m.o)
    0x08000c94   0x08000c94   0x0000000c   Code   RO         3120    .text               c_w.l(sys_exit.o)
    0x08000ca0   0x08000ca0   0x00000002   Code   RO         3131    .text               c_w.l(use_no_semi.o)
    0x08000ca2   0x08000ca2   0x00000000   Code   RO         3133    .text               c_w.l(indicate_semi.o)
    0x08000ca2   0x08000ca2   0x0000003e   Code   RO         3010    CL$$btod_d2e        c_w.l(btod.o)
    0x08000ce0   0x08000ce0   0x00000046   Code   RO         3012    CL$$btod_d2e_denorm_low  c_w.l(btod.o)
    0x08000d26   0x08000d26   0x00000060   Code   RO         3011    CL$$btod_d2e_norm_op1  c_w.l(btod.o)
    0x08000d86   0x08000d86   0x00000338   Code   RO         3020    CL$$btod_div_common  c_w.l(btod.o)
    0x080010be   0x080010be   0x000000dc   Code   RO         3017    CL$$btod_e2e        c_w.l(btod.o)
    0x0800119a   0x0800119a   0x0000002a   Code   RO         3014    CL$$btod_ediv       c_w.l(btod.o)
    0x080011c4   0x080011c4   0x0000002a   Code   RO         3013    CL$$btod_emul       c_w.l(btod.o)
    0x080011ee   0x080011ee   0x00000244   Code   RO         3019    CL$$btod_mult_common  c_w.l(btod.o)
    0x08001432   0x08001432   0x00000002   PAD
    0x08001434   0x08001434   0x00000144   Code   RO         2298    i.ADC1_init         adc.o
    0x08001578   0x08001578   0x00000016   Code   RO          373    i.ADC_Cmd           stm32f4xx_adc.o
    0x0800158e   0x0800158e   0x00000002   PAD
    0x08001590   0x08001590   0x00000030   Code   RO          374    i.ADC_CommonInit    stm32f4xx_adc.o
    0x080015c0   0x080015c0   0x00000016   Code   RO          377    i.ADC_DMACmd        stm32f4xx_adc.o
    0x080015d6   0x080015d6   0x00000016   Code   RO          378    i.ADC_DMARequestAfterLastTransferCmd  stm32f4xx_adc.o
    0x080015ec   0x080015ec   0x00000054   Code   RO          393    i.ADC_Init          stm32f4xx_adc.o
    0x08001640   0x08001640   0x000000b8   Code   RO          398    i.ADC_RegularChannelConfig  stm32f4xx_adc.o
    0x080016f8   0x080016f8   0x0000000a   Code   RO          400    i.ADC_SoftwareStartConv  stm32f4xx_adc.o
    0x08001702   0x08001702   0x00000028   Code   RO          230    i.BCD_DEC           main.o
    0x0800172a   0x0800172a   0x00000004   Code   RO            4    i.BusFault_Handler  stm32f4xx_it.o
    0x0800172e   0x0800172e   0x0000000c   Code   RO         2360    i.CLEAR_LCD         lcd.o
    0x0800173a   0x0800173a   0x00000002   PAD
    0x0800173c   0x0800173c   0x00000034   Code   RO         2503    i.DMA1_Stream6_IRQHandler  usart.o
    0x08001770   0x08001770   0x000000ac   Code   RO         2504    i.DMA1_USART2_init  usart.o
    0x0800181c   0x0800181c   0x00000034   Code   RO         1620    i.DMA_ClearITPendingBit  stm32f4xx_dma.o
    0x08001850   0x08001850   0x00000016   Code   RO         1621    i.DMA_Cmd           stm32f4xx_dma.o
    0x08001866   0x08001866   0x00000002   PAD
    0x08001868   0x08001868   0x00000064   Code   RO         1631    i.DMA_GetITStatus   stm32f4xx_dma.o
    0x080018cc   0x080018cc   0x0000003a   Code   RO         1632    i.DMA_ITConfig      stm32f4xx_dma.o
    0x08001906   0x08001906   0x00000002   PAD
    0x08001908   0x08001908   0x00000058   Code   RO         1633    i.DMA_Init          stm32f4xx_dma.o
    0x08001960   0x08001960   0x00000002   Code   RO            5    i.DebugMon_Handler  stm32f4xx_it.o
    0x08001962   0x08001962   0x00000002   PAD
    0x08001964   0x08001964   0x0000002c   Code   RO         2466    i.Delay_Ms          timer.o
    0x08001990   0x08001990   0x00000028   Code   RO         2467    i.Delay_Us          timer.o
    0x080019b8   0x080019b8   0x00000054   Code   RO         2817    i.EXTI0_IRQHandler  exti.o
    0x08001a0c   0x08001a0c   0x00000088   Code   RO         2818    i.EXTILine0_Config  exti.o
    0x08001a94   0x08001a94   0x0000000c   Code   RO         2172    i.EXTI_ClearITPendingBit  stm32f4xx_exti.o
    0x08001aa0   0x08001aa0   0x00000018   Code   RO         2176    i.EXTI_GetITStatus  stm32f4xx_exti.o
    0x08001ab8   0x08001ab8   0x00000094   Code   RO         2177    i.EXTI_Init         stm32f4xx_exti.o
    0x08001b4c   0x08001b4c   0x000000dc   Code   RO         2336    i.GPIO_Configuration  gpio.o
    0x08001c28   0x08001c28   0x00000090   Code   RO          614    i.GPIO_Init         stm32f4xx_gpio.o
    0x08001cb8   0x08001cb8   0x00000046   Code   RO          615    i.GPIO_PinAFConfig  stm32f4xx_gpio.o
    0x08001cfe   0x08001cfe   0x00000012   Code   RO          618    i.GPIO_ReadInputDataBit  stm32f4xx_gpio.o
    0x08001d10   0x08001d10   0x00000006   Code   RO          621    i.GPIO_ResetBits    stm32f4xx_gpio.o
    0x08001d16   0x08001d16   0x00000004   Code   RO          622    i.GPIO_SetBits      stm32f4xx_gpio.o
    0x08001d1a   0x08001d1a   0x00000002   PAD
    0x08001d1c   0x08001d1c   0x0000007c   Code   RO         2636    i.GPIO_TIM_init     pwm.o
    0x08001d98   0x08001d98   0x00000008   Code   RO          624    i.GPIO_ToggleBits   stm32f4xx_gpio.o
    0x08001da0   0x08001da0   0x0000000c   Code   RO          626    i.GPIO_WriteBit     stm32f4xx_gpio.o
    0x08001dac   0x08001dac   0x00000004   Code   RO            6    i.HardFault_Handler  stm32f4xx_it.o
    0x08001db0   0x08001db0   0x00000018   Code   RO         1944    i.I2C_AcknowledgeConfig  stm32f4xx_i2c.o
    0x08001dc8   0x08001dc8   0x0000003e   Code   RO         1947    i.I2C_CheckEvent    stm32f4xx_i2c.o
    0x08001e06   0x08001e06   0x00000018   Code   RO         1950    i.I2C_Cmd           stm32f4xx_i2c.o
    0x08001e1e   0x08001e1e   0x00000002   PAD
    0x08001e20   0x08001e20   0x00000060   Code   RO         1953    i.I2C_DeInit        stm32f4xx_i2c.o
    0x08001e80   0x08001e80   0x00000018   Code   RO         1958    i.I2C_GenerateSTART  stm32f4xx_i2c.o
    0x08001e98   0x08001e98   0x00000018   Code   RO         1959    i.I2C_GenerateSTOP  stm32f4xx_i2c.o
    0x08001eb0   0x08001eb0   0x0000003a   Code   RO         1960    i.I2C_GetFlagStatus  stm32f4xx_i2c.o
    0x08001eea   0x08001eea   0x00000002   PAD
    0x08001eec   0x08001eec   0x000000e8   Code   RO         1965    i.I2C_Init          stm32f4xx_i2c.o
    0x08001fd4   0x08001fd4   0x000000ec   Code   RO         2708    i.I2C_Receive       i2c.o
    0x080020c0   0x080020c0   0x00000008   Code   RO         1970    i.I2C_ReceiveData   stm32f4xx_i2c.o
    0x080020c8   0x080020c8   0x000000b4   Code   RO         2709    i.I2C_Send          i2c.o
    0x0800217c   0x0800217c   0x00000010   Code   RO         1972    i.I2C_Send7bitAddress  stm32f4xx_i2c.o
    0x0800218c   0x0800218c   0x00000004   Code   RO         1973    i.I2C_SendData      stm32f4xx_i2c.o
    0x08002190   0x08002190   0x00000130   Code   RO         2714    i.I2C_init          i2c.o
    0x080022c0   0x080022c0   0x00000064   Code   RO         2715    i.MPU6050_Init      i2c.o
    0x08002324   0x08002324   0x000000d8   Code   RO         2716    i.MPU6050_Read_Accel  i2c.o
    0x080023fc   0x080023fc   0x000000d8   Code   RO         2717    i.MPU6050_Read_GYRO  i2c.o
    0x080024d4   0x080024d4   0x00000004   Code   RO            7    i.MemManage_Handler  stm32f4xx_it.o
    0x080024d8   0x080024d8   0x00000002   Code   RO            8    i.NMI_Handler       stm32f4xx_it.o
    0x080024da   0x080024da   0x00000002   PAD
    0x080024dc   0x080024dc   0x00000078   Code   RO          319    i.NVIC_Init         misc.o
    0x08002554   0x08002554   0x00000044   Code   RO         2361    i.OUT_LCD           lcd.o
    0x08002598   0x08002598   0x0000006c   Code   RO         2637    i.PWM_TIM_init      pwm.o
    0x08002604   0x08002604   0x00000002   Code   RO            9    i.PendSV_Handler    stm32f4xx_it.o
    0x08002606   0x08002606   0x00000002   PAD
    0x08002608   0x08002608   0x00000020   Code   RO          715    i.RCC_AHB1PeriphClockCmd  stm32f4xx_rcc.o
    0x08002628   0x08002628   0x00000020   Code   RO          724    i.RCC_APB1PeriphClockCmd  stm32f4xx_rcc.o
    0x08002648   0x08002648   0x00000020   Code   RO          726    i.RCC_APB1PeriphResetCmd  stm32f4xx_rcc.o
    0x08002668   0x08002668   0x00000020   Code   RO          727    i.RCC_APB2PeriphClockCmd  stm32f4xx_rcc.o
    0x08002688   0x08002688   0x000000e8   Code   RO          736    i.RCC_GetClocksFreq  stm32f4xx_rcc.o
    0x08002770   0x08002770   0x00000002   Code   RO           10    i.SVC_Handler       stm32f4xx_it.o
    0x08002772   0x08002772   0x00000002   PAD
    0x08002774   0x08002774   0x00000040   Code   RO         2240    i.SYSCFG_EXTILineConfig  stm32f4xx_syscfg.o
    0x080027b4   0x080027b4   0x000000ec   Code   RO          189    i.SetSysClock       system_stm32f4xx.o
    0x080028a0   0x080028a0   0x00000002   Code   RO           11    i.SysTick_Handler   stm32f4xx_it.o
    0x080028a2   0x080028a2   0x00000002   PAD
    0x080028a4   0x080028a4   0x00000068   Code   RO          191    i.SystemInit        system_stm32f4xx.o
    0x0800290c   0x0800290c   0x0000003a   Code   RO         1053    i.TI1_Config        stm32f4xx_tim.o
    0x08002946   0x08002946   0x00000050   Code   RO         1054    i.TI2_Config        stm32f4xx_tim.o
    0x08002996   0x08002996   0x00000048   Code   RO         1055    i.TI3_Config        stm32f4xx_tim.o
    0x080029de   0x080029de   0x00000050   Code   RO         1056    i.TI4_Config        stm32f4xx_tim.o
    0x08002a2e   0x08002a2e   0x00000002   PAD
    0x08002a30   0x08002a30   0x000000dc   Code   RO         2638    i.TIM3_Config       pwm.o
    0x08002b0c   0x08002b0c   0x00000070   Code   RO         2639    i.TIM3_IRQHandler   pwm.o
    0x08002b7c   0x08002b7c   0x00000118   Code   RO         2640    i.TIM4_IRQHandler   pwm.o
    0x08002c94   0x08002c94   0x00000064   Code   RO         2641    i.TIM4_SampleTime   pwm.o
    0x08002cf8   0x08002cf8   0x00000068   Code   RO         2591    i.TIM5_IRQHandler   ledmatrix.o
    0x08002d60   0x08002d60   0x00000064   Code   RO         2592    i.TIM5_SampleTime   ledmatrix.o
    0x08002dc4   0x08002dc4   0x000000ac   Code   RO         2414    i.TIM7_IRQHandler   led7seg.o
    0x08002e70   0x08002e70   0x00000064   Code   RO         2415    i.TIM7_SampleTime   led7seg.o
    0x08002ed4   0x08002ed4   0x00000034   Code   RO         2468    i.TIMER_Configuration  timer.o
    0x08002f08   0x08002f08   0x00000034   Code   RO         2642    i.TIMER_TIM_init    pwm.o
    0x08002f3c   0x08002f3c   0x0000001e   Code   RO         1061    i.TIM_CCxCmd        stm32f4xx_tim.o
    0x08002f5a   0x08002f5a   0x00000006   Code   RO         1064    i.TIM_ClearITPendingBit  stm32f4xx_tim.o
    0x08002f60   0x08002f60   0x00000018   Code   RO         1069    i.TIM_Cmd           stm32f4xx_tim.o
    0x08002f78   0x08002f78   0x0000001e   Code   RO         1071    i.TIM_CtrlPWMOutputs  stm32f4xx_tim.o
    0x08002f96   0x08002f96   0x00000006   Code   RO         1088    i.TIM_GetCounter    stm32f4xx_tim.o
    0x08002f9c   0x08002f9c   0x00000022   Code   RO         1090    i.TIM_GetITStatus   stm32f4xx_tim.o
    0x08002fbe   0x08002fbe   0x0000006e   Code   RO         1092    i.TIM_ICInit        stm32f4xx_tim.o
    0x0800302c   0x0800302c   0x00000012   Code   RO         1094    i.TIM_ITConfig      stm32f4xx_tim.o
    0x0800303e   0x0800303e   0x00000002   PAD
    0x08003040   0x08003040   0x0000007c   Code   RO         1098    i.TIM_OC1Init       stm32f4xx_tim.o
    0x080030bc   0x080030bc   0x00000012   Code   RO         1101    i.TIM_OC1PreloadConfig  stm32f4xx_tim.o
    0x080030ce   0x080030ce   0x00000002   PAD
    0x080030d0   0x080030d0   0x000000a4   Code   RO         1103    i.TIM_OC2Init       stm32f4xx_tim.o
    0x08003174   0x08003174   0x0000001a   Code   RO         1106    i.TIM_OC2PreloadConfig  stm32f4xx_tim.o
    0x0800318e   0x0800318e   0x0000007c   Code   RO         1117    i.TIM_PWMIConfig    stm32f4xx_tim.o
    0x0800320a   0x0800320a   0x00000012   Code   RO         1123    i.TIM_SelectInputTrigger  stm32f4xx_tim.o
    0x0800321c   0x0800321c   0x00000012   Code   RO         1124    i.TIM_SelectMasterSlaveMode  stm32f4xx_tim.o
    0x0800322e   0x0800322e   0x00000012   Code   RO         1128    i.TIM_SelectSlaveMode  stm32f4xx_tim.o
    0x08003240   0x08003240   0x00000004   Code   RO         1135    i.TIM_SetCounter    stm32f4xx_tim.o
    0x08003244   0x08003244   0x00000012   Code   RO         1136    i.TIM_SetIC1Prescaler  stm32f4xx_tim.o
    0x08003256   0x08003256   0x0000001a   Code   RO         1137    i.TIM_SetIC2Prescaler  stm32f4xx_tim.o
    0x08003270   0x08003270   0x00000012   Code   RO         1138    i.TIM_SetIC3Prescaler  stm32f4xx_tim.o
    0x08003282   0x08003282   0x0000001a   Code   RO         1139    i.TIM_SetIC4Prescaler  stm32f4xx_tim.o
    0x0800329c   0x0800329c   0x00000084   Code   RO         1141    i.TIM_TimeBaseInit  stm32f4xx_tim.o
    0x08003320   0x08003320   0x00000024   Code   RO         2505    i.USART2_IRQHandler  usart.o
    0x08003344   0x08003344   0x000000b8   Code   RO         2506    i.USART2_Init       usart.o
    0x080033fc   0x080033fc   0x0000001e   Code   RO         1752    i.USART_ClearITPendingBit  stm32f4xx_usart.o
    0x0800341a   0x0800341a   0x00000018   Code   RO         1755    i.USART_Cmd         stm32f4xx_usart.o
    0x08003432   0x08003432   0x00000012   Code   RO         1756    i.USART_DMACmd      stm32f4xx_usart.o
    0x08003444   0x08003444   0x00000054   Code   RO         1759    i.USART_GetITStatus  stm32f4xx_usart.o
    0x08003498   0x08003498   0x0000004a   Code   RO         1761    i.USART_ITConfig    stm32f4xx_usart.o
    0x080034e2   0x080034e2   0x00000002   PAD
    0x080034e4   0x080034e4   0x000000d4   Code   RO         1762    i.USART_Init        stm32f4xx_usart.o
    0x080035b8   0x080035b8   0x00000014   Code   RO          231    i.USART_RXNE        main.o
    0x080035cc   0x080035cc   0x00000004   Code   RO           12    i.UsageFault_Handler  stm32f4xx_it.o
    0x080035d0   0x080035d0   0x00000030   Code   RO         3039    i.__ARM_fpclassify  m_wm.l(fpclassify.o)
    0x08003600   0x08003600   0x000003c4   Code   RO         2918    i.__hardfp_log      m_wm.l(log.o)
    0x080039c4   0x080039c4   0x000000f8   Code   RO         2973    i.__kernel_poly     m_wm.l(poly.o)
    0x08003abc   0x08003abc   0x00000004   PAD
    0x08003ac0   0x08003ac0   0x00000030   Code   RO         2959    i.__mathlib_dbl_divzero  m_wm.l(dunder.o)
    0x08003af0   0x08003af0   0x00000014   Code   RO         2960    i.__mathlib_dbl_infnan  m_wm.l(dunder.o)
    0x08003b04   0x08003b04   0x00000004   PAD
    0x08003b08   0x08003b08   0x00000020   Code   RO         2962    i.__mathlib_dbl_invalid  m_wm.l(dunder.o)
    0x08003b28   0x08003b28   0x0000000e   Code   RO         2871    i._is_digit         c_w.l(__printf_wp.o)
    0x08003b36   0x08003b36   0x00000002   PAD
    0x08003b38   0x08003b38   0x00000050   Code   RO         2362    i.cmdwrite          lcd.o
    0x08003b88   0x08003b88   0x0000004c   Code   RO         2363    i.datawrite         lcd.o
    0x08003bd4   0x08003bd4   0x00000050   Code   RO         2416    i.display_7seg      led7seg.o
    0x08003c24   0x08003c24   0x00000060   Code   RO         2417    i.hc595_shift       led7seg.o
    0x08003c84   0x08003c84   0x00000058   Code   RO         2593    i.hc595_shift_matrix  ledmatrix.o
    0x08003cdc   0x08003cdc   0x00000056   Code   RO         2364    i.init_lcd          lcd.o
    0x08003d32   0x08003d32   0x00000002   PAD
    0x08003d34   0x08003d34   0x00000068   Code   RO         2418    i.led7seg_init      led7seg.o
    0x08003d9c   0x08003d9c   0x00000038   Code   RO         2594    i.ledmatrix_init    ledmatrix.o
    0x08003dd4   0x08003dd4   0x00000474   Code   RO          232    i.main              main.o
    0x08004248   0x08004248   0x00000224   Code   RO         2512    i.sendhc05          usart.o
    0x0800446c   0x0800446c   0x0000002c   Code   RO         2643    i.speed_pwm         pwm.o
    0x08004498   0x08004498   0x00000078   Code   RO         2365    i.xulyhex           lcd.o
    0x08004510   0x08004510   0x0000002c   Code   RO         3033    locale$$code        c_w.l(lc_numeric_c.o)
    0x0800453c   0x0800453c   0x00000018   Code   RO         2944    x$fpl$basic         fz_wm.l(basic.o)
    0x08004554   0x08004554   0x00000062   Code   RO         2888    x$fpl$d2f           fz_wm.l(d2f.o)
    0x080045b6   0x080045b6   0x00000002   PAD
    0x080045b8   0x080045b8   0x00000150   Code   RO         2890    x$fpl$dadd          fz_wm.l(daddsub_clz.o)
    0x08004708   0x08004708   0x00000018   Code   RO         3035    x$fpl$dcmpinf       fz_wm.l(dcmpi.o)
    0x08004720   0x08004720   0x000002b0   Code   RO         2897    x$fpl$ddiv          fz_wm.l(ddiv.o)
    0x080049d0   0x080049d0   0x00000078   Code   RO         2946    x$fpl$deqf          fz_wm.l(deqf.o)
    0x08004a48   0x08004a48   0x0000005e   Code   RO         2900    x$fpl$dfix          fz_wm.l(dfix.o)
    0x08004aa6   0x08004aa6   0x0000002e   Code   RO         2905    x$fpl$dflt          fz_wm.l(dflt_clz.o)
    0x08004ad4   0x08004ad4   0x00000026   Code   RO         2904    x$fpl$dfltu         fz_wm.l(dflt_clz.o)
    0x08004afa   0x08004afa   0x00000002   PAD
    0x08004afc   0x08004afc   0x00000078   Code   RO         2948    x$fpl$dleqf         fz_wm.l(dleqf.o)
    0x08004b74   0x08004b74   0x00000154   Code   RO         2910    x$fpl$dmul          fz_wm.l(dmul.o)
    0x08004cc8   0x08004cc8   0x0000009c   Code   RO         2950    x$fpl$dnaninf       fz_wm.l(dnaninf.o)
    0x08004d64   0x08004d64   0x0000000c   Code   RO         2952    x$fpl$dretinf       fz_wm.l(dretinf.o)
    0x08004d70   0x08004d70   0x0000006c   Code   RO         2912    x$fpl$drleqf        fz_wm.l(drleqf.o)
    0x08004ddc   0x08004ddc   0x00000016   Code   RO         2891    x$fpl$drsb          fz_wm.l(daddsub_clz.o)
    0x08004df2   0x08004df2   0x00000002   PAD
    0x08004df4   0x08004df4   0x000001d4   Code   RO         2892    x$fpl$dsub          fz_wm.l(daddsub_clz.o)
    0x08004fc8   0x08004fc8   0x00000056   Code   RO         2914    x$fpl$f2d           fz_wm.l(f2d.o)
    0x0800501e   0x0800501e   0x0000008c   Code   RO         2954    x$fpl$fnaninf       fz_wm.l(fnaninf.o)
    0x080050aa   0x080050aa   0x0000000a   Code   RO         3105    x$fpl$fpinit        fz_wm.l(fpinit.o)
    0x080050b4   0x080050b4   0x0000000a   Code   RO         2956    x$fpl$fretinf       fz_wm.l(fretinf.o)
    0x080050be   0x080050be   0x00000004   Code   RO         2916    x$fpl$printf1       fz_wm.l(printf1.o)
    0x080050c2   0x080050c2   0x00000000   Code   RO         2958    x$fpl$usenofp       fz_wm.l(usenofp.o)
    0x080050c2   0x080050c2   0x00000006   PAD
    0x080050c8   0x080050c8   0x00000038   Data   RO         2921    .constdata          m_wm.l(log.o)
    0x08005100   0x08005100   0x00000008   Data   RO         2975    .constdata          m_wm.l(qnan.o)
    0x08005108   0x08005108   0x00000094   Data   RO         3008    .constdata          c_w.l(bigflt0.o)
    0x0800519c   0x0800519c   0x00000020   Data   RO         3180    Region$$Table       anon$$obj.o
    0x080051bc   0x080051bc   0x0000001c   Data   RO         3032    locale$$data        c_w.l(lc_numeric_c.o)


    Execution Region RW_IRAM1 (Exec base: 0x20000000, Load base: 0x080051d8, Size: 0x00000838, Max: 0x00020000, ABSOLUTE)

    Exec Addr    Load Addr    Size         Type   Attr      Idx    E Section Name        Object

    0x20000000   0x080051d8   0x00000030   Data   RW          234    .data               main.o
    0x20000030   0x08005208   0x00000010   Data   RW          768    .data               stm32f4xx_rcc.o
    0x20000040   0x08005218   0x00000018   Data   RW         2419    .data               led7seg.o
    0x20000058   0x08005230   0x00000001   Data   RW         2514    .data               usart.o
    0x20000059   0x08005231   0x00000009   Data   RW         2595    .data               ledmatrix.o
    0x20000062   0x0800523a   0x00000002   PAD
    0x20000064   0x0800523c   0x0000001c   Data   RW         2644    .data               pwm.o
    0x20000080   0x08005258   0x00000050   Data   RW         2721    .data               i2c.o
    0x200000d0   0x080052a8   0x00000002   Data   RW         2819    .data               exti.o
    0x200000d2   0x080052aa   0x00000002   PAD
    0x200000d4        -       0x00000064   Zero   RW          233    .bss                main.o
    0x20000138        -       0x0000000a   Zero   RW         2300    .bss                adc.o
    0x20000142        -       0x00000096   Zero   RW         2513    .bss                usart.o
    0x200001d8        -       0x00000060   Zero   RW         3042    .bss                c_w.l(libspace.o)
    0x20000238        -       0x00000200   Zero   RW          310    HEAP                startup_stm32f40_41xxx.o
    0x20000438        -       0x00000400   Zero   RW          309    STACK               startup_stm32f40_41xxx.o


==============================================================================

Image component sizes


      Code (inc. data)   RO Data    RW Data    ZI Data      Debug   Object Name

       324         16          0          0         10       1312   adc.o
       220         18          0          2          0      28015   exti.o
       220         20          0          0          0        605   gpio.o
      1252        118          0         80          0       5337   i2c.o
       442         32          0          0          0       3190   lcd.o
       552         62          0         24          0       3581   led7seg.o
       348         32          0          9          0       2862   ledmatrix.o
      1200        274          0         48        100       3520   main.o
       120         14          0          0          0       1280   misc.o
      1040        114          0         28          0       5353   pwm.o
        64         26        392          0       1536        948   startup_stm32f40_41xxx.o
       392         24          0          0          0       6119   stm32f4xx_adc.o
       320         38          0          0          0       4950   stm32f4xx_dma.o
       184         16          0          0          0       2484   stm32f4xx_exti.o
       262          0          0          0          0       5321   stm32f4xx_gpio.o
       572         28          0          0          0       8261   stm32f4xx_i2c.o
        26          0          0          0          0     333242   stm32f4xx_it.o
       360         42          0         16          0       5784   stm32f4xx_rcc.o
        64          4          0          0          0        712   stm32f4xx_syscfg.o
      1282         48          0          0          0      18953   stm32f4xx_tim.o
       442          8          0          0          0       5523   stm32f4xx_usart.o
       340         32          0          0          0       1653   system_stm32f4xx.o
       136         16          0          0          0       1584   timer.o
       992        264          0          1        150       4257   usart.o

    ----------------------------------------------------------------------
     11188       1246        424        212       1796     454846   Object Totals
         0          0         32          0          0          0   (incl. Generated)
        34          0          0          4          0          0   (incl. Padding)

    ----------------------------------------------------------------------

      Code (inc. data)   RO Data    RW Data    ZI Data      Debug   Library Member Name

         8          0          0          0          0         68   __main.o
       352          0          0          0          0         88   __printf_ss_wp.o
        14          0          0          0          0         68   __printf_wp.o
         0          0          0          0          0          0   __rtentry.o
        12          0          0          0          0          0   __rtentry2.o
         6          0          0          0          0          0   __rtentry4.o
        52          8          0          0          0          0   __scatter.o
        26          0          0          0          0          0   __scatter_copy.o
        28          0          0          0          0          0   __scatter_zi.o
        48          6          0          0          0         96   _printf_char_common.o
         6          0          0          0          0          0   _printf_d.o
       120         16          0          0          0         92   _printf_dec.o
         6          0          0          0          0          0   _printf_f.o
      1054          0          0          0          0        216   _printf_fp_dec.o
       128         16          0          0          0         84   _printf_fp_infnan.o
       178          0          0          0          0         88   _printf_intcommon.o
         0          0          0          0          0          0   _printf_percent.o
         4          0          0          0          0          0   _printf_percent_end.o
        22          0          0          0          0        100   _rserrno.o
        10          0          0          0          0         68   _sputc.o
       228          4        148          0          0         96   bigflt0.o
      1936        128          0          0          0        672   btod.o
        18          0          0          0          0         80   exit.o
         6          0          0          0          0        152   heapauxi.o
         0          0          0          0          0          0   indicate_semi.o
        44         10         28          0          0         76   lc_numeric_c.o
         2          0          0          0          0          0   libinit.o
        22          0          0          0          0          0   libinit2.o
         2          0          0          0          0          0   libshutdown.o
         2          0          0          0          0          0   libshutdown2.o
         8          4          0          0         96         68   libspace.o
       138          0          0          0          0         80   lludiv10.o
        40          6          0          0          0         84   noretval__2sprintf.o
         8          4          0          0          0         68   rt_errno_addr_intlibspace.o
         8          4          0          0          0         68   rt_locale_intlibspace.o
         2          0          0          0          0          0   rtexit.o
        10          0          0          0          0          0   rtexit2.o
       128          0          0          0          0         68   strcmpv7m.o
        12          4          0          0          0         68   sys_exit.o
        74          0          0          0          0         80   sys_stackheap_outer.o
         2          0          0          0          0         68   use_no_semi.o
        24          0          0          0          0        164   basic.o
        98          4          0          0          0        140   d2f.o
       826         16          0          0          0        492   daddsub_clz.o
        24          0          0          0          0        116   dcmpi.o
       688        140          0          0          0        256   ddiv.o
       120          4          0          0          0        140   deqf.o
        94          4          0          0          0        140   dfix.o
        84          0          0          0          0        232   dflt_clz.o
       120          4          0          0          0        140   dleqf.o
       340         12          0          0          0        152   dmul.o
       156          4          0          0          0        140   dnaninf.o
        12          0          0          0          0        116   dretinf.o
       108          0          0          0          0        128   drleqf.o
        86          4          0          0          0        132   f2d.o
       140          4          0          0          0        132   fnaninf.o
        10          0          0          0          0        116   fpinit.o
        10          0          0          0          0        116   fretinf.o
         4          0          0          0          0        116   printf1.o
         0          0          0          0          0          0   usenofp.o
       100         28          0          0          0        372   dunder.o
        48          0          0          0          0        124   fpclassify.o
       964         92         56          0          0        316   log.o
       248          0          0          0          0        152   poly.o
         0          0          8          0          0          0   qnan.o

    ----------------------------------------------------------------------
      9100        526        240          0         96       6628   Library Totals
        32          0          0          0          0          0   (incl. Padding)

    ----------------------------------------------------------------------

      Code (inc. data)   RO Data    RW Data    ZI Data      Debug   Library Name

      4764        210        176          0         96       2696   c_w.l
      2944        196          0          0          0       2968   fz_wm.l
      1360        120         64          0          0        964   m_wm.l

    ----------------------------------------------------------------------
      9100        526        240          0         96       6628   Library Totals

    ----------------------------------------------------------------------

==============================================================================


      Code (inc. data)   RO Data    RW Data    ZI Data      Debug   

     20288       1772        664        212       1892     445218   Grand Totals
     20288       1772        664        212       1892     445218   ELF Image Totals
     20288       1772        664        212          0          0   ROM Totals

==============================================================================

    Total RO  Size (Code + RO Data)                20952 (  20.46kB)
    Total RW  Size (RW Data + ZI Data)              2104 (   2.05kB)
    Total ROM Size (Code + RO Data + RW Data)      21164 (  20.67kB)

==============================================================================

