<html>
<body>
<pre>
<h1>µVision Build Log</h1>
<h2>Tool Versions:</h2>
IDE-Version: µVision V5.29.0.0
Copyright (C) 2019 ARM Ltd and ARM Germany GmbH. All rights reserved.
License Information: admiin mquyet, admin, LIC=TIV9U-SU8IN-I5ITC-7WYES-NK0DZ-KYBWJ
 
Tool Versions:
Toolchain:       MDK-ARM Plus  Version: 5.29.0.0
Toolchain Path:  C:\Keil_v5\ARM\ARMCC\Bin
C Compiler:      Armcc.exe V5.06 update 6 (build 750)
Assembler:       Armasm.exe V5.06 update 6 (build 750)
Linker/Locator:  ArmLink.exe V5.06 update 6 (build 750)
Library Manager: ArmAr.exe V5.06 update 6 (build 750)
Hex Converter:   FromElf.exe V5.06 update 6 (build 750)
CPU DLL:         SARMCM3.DLL V5.29.0.0
Dialog DLL:      DCM.DLL V1.17.3.0
Target DLL:      STLink\ST-LINKIII-KEIL_SWO.dll V3.0.7.0
Dialog DLL:      TCM.DLL V1.36.5.0
 
<h2>Project:</h2>
D:\VIAM\STM32F407VG_STD\PROJECT\Super_project\MDK-ARM\super_project.uvprojx
Project File Date:  09/11/2023

<h2>Output:</h2>
*** Using Compiler 'V5.06 update 6 (build 750)', folder: 'C:\Keil_v5\ARM\ARMCC\Bin'
Build target 'Target 1'
assembling startup_stm32f40_41xxx.s...
compiling stm32f4xx_gpio.c...
..\Libraries\CMSIS\Device\ST\STM32F4xx\Include\stm32f4xx.h(11581): warning:  #47-D: incompatible redefinition of macro "DBGMCU_APB2_FZ_DBG_TIM1_STOP"  (declared at line 11574)
  #define  DBGMCU_APB2_FZ_DBG_TIM1_STOP        DBGMCU_APB1_FZ_DBG_TIM1_STOP    
..\Libraries\CMSIS\Device\ST\STM32F4xx\Include\stm32f4xx.h(11582): warning:  #47-D: incompatible redefinition of macro "DBGMCU_APB2_FZ_DBG_TIM8_STOP"  (declared at line 11575)
  #define  DBGMCU_APB2_FZ_DBG_TIM8_STOP        DBGMCU_APB1_FZ_DBG_TIM8_STOP
..\Libraries\CMSIS\Device\ST\STM32F4xx\Include\stm32f4xx.h(11583): warning:  #47-D: incompatible redefinition of macro "DBGMCU_APB2_FZ_DBG_TIM9_STOP"  (declared at line 11576)
  #define  DBGMCU_APB2_FZ_DBG_TIM9_STOP        DBGMCU_APB1_FZ_DBG_TIM9_STOP
..\Libraries\CMSIS\Device\ST\STM32F4xx\Include\stm32f4xx.h(11584): warning:  #47-D: incompatible redefinition of macro "DBGMCU_APB2_FZ_DBG_TIM10_STOP"  (declared at line 11577)
  #define  DBGMCU_APB2_FZ_DBG_TIM10_STOP       DBGMCU_APB1_FZ_DBG_TIM10_STOP
..\Libraries\CMSIS\Device\ST\STM32F4xx\Include\stm32f4xx.h(11585): warning:  #47-D: incompatible redefinition of macro "DBGMCU_APB2_FZ_DBG_TIM11_STOP"  (declared at line 11578)
  #define  DBGMCU_APB2_FZ_DBG_TIM11_STOP       DBGMCU_APB1_FZ_DBG_TIM11_STOP
..\Libraries\STM32F4xx_StdPeriph_Driver\src\stm32f4xx_gpio.c: 5 warnings, 0 errors
compiling system_stm32f4xx.c...
..\Libraries\CMSIS\Device\ST\STM32F4xx\Include\stm32f4xx.h(11581): warning:  #47-D: incompatible redefinition of macro "DBGMCU_APB2_FZ_DBG_TIM1_STOP"  (declared at line 11574)
  #define  DBGMCU_APB2_FZ_DBG_TIM1_STOP        DBGMCU_APB1_FZ_DBG_TIM1_STOP    
..\Libraries\CMSIS\Device\ST\STM32F4xx\Include\stm32f4xx.h(11582): warning:  #47-D: incompatible redefinition of macro "DBGMCU_APB2_FZ_DBG_TIM8_STOP"  (declared at line 11575)
  #define  DBGMCU_APB2_FZ_DBG_TIM8_STOP        DBGMCU_APB1_FZ_DBG_TIM8_STOP
..\Libraries\CMSIS\Device\ST\STM32F4xx\Include\stm32f4xx.h(11583): warning:  #47-D: incompatible redefinition of macro "DBGMCU_APB2_FZ_DBG_TIM9_STOP"  (declared at line 11576)
  #define  DBGMCU_APB2_FZ_DBG_TIM9_STOP        DBGMCU_APB1_FZ_DBG_TIM9_STOP
..\Libraries\CMSIS\Device\ST\STM32F4xx\Include\stm32f4xx.h(11584): warning:  #47-D: incompatible redefinition of macro "DBGMCU_APB2_FZ_DBG_TIM10_STOP"  (declared at line 11577)
  #define  DBGMCU_APB2_FZ_DBG_TIM10_STOP       DBGMCU_APB1_FZ_DBG_TIM10_STOP
..\Libraries\CMSIS\Device\ST\STM32F4xx\Include\stm32f4xx.h(11585): warning:  #47-D: incompatible redefinition of macro "DBGMCU_APB2_FZ_DBG_TIM11_STOP"  (declared at line 11578)
  #define  DBGMCU_APB2_FZ_DBG_TIM11_STOP       DBGMCU_APB1_FZ_DBG_TIM11_STOP
..\system_stm32f4xx.c: 5 warnings, 0 errors
compiling misc.c...
..\Libraries\CMSIS\Device\ST\STM32F4xx\Include\stm32f4xx.h(11581): warning:  #47-D: incompatible redefinition of macro "DBGMCU_APB2_FZ_DBG_TIM1_STOP"  (declared at line 11574)
  #define  DBGMCU_APB2_FZ_DBG_TIM1_STOP        DBGMCU_APB1_FZ_DBG_TIM1_STOP    
..\Libraries\CMSIS\Device\ST\STM32F4xx\Include\stm32f4xx.h(11582): warning:  #47-D: incompatible redefinition of macro "DBGMCU_APB2_FZ_DBG_TIM8_STOP"  (declared at line 11575)
  #define  DBGMCU_APB2_FZ_DBG_TIM8_STOP        DBGMCU_APB1_FZ_DBG_TIM8_STOP
..\Libraries\CMSIS\Device\ST\STM32F4xx\Include\stm32f4xx.h(11583): warning:  #47-D: incompatible redefinition of macro "DBGMCU_APB2_FZ_DBG_TIM9_STOP"  (declared at line 11576)
  #define  DBGMCU_APB2_FZ_DBG_TIM9_STOP        DBGMCU_APB1_FZ_DBG_TIM9_STOP
..\Libraries\CMSIS\Device\ST\STM32F4xx\Include\stm32f4xx.h(11584): warning:  #47-D: incompatible redefinition of macro "DBGMCU_APB2_FZ_DBG_TIM10_STOP"  (declared at line 11577)
  #define  DBGMCU_APB2_FZ_DBG_TIM10_STOP       DBGMCU_APB1_FZ_DBG_TIM10_STOP
..\Libraries\CMSIS\Device\ST\STM32F4xx\Include\stm32f4xx.h(11585): warning:  #47-D: incompatible redefinition of macro "DBGMCU_APB2_FZ_DBG_TIM11_STOP"  (declared at line 11578)
  #define  DBGMCU_APB2_FZ_DBG_TIM11_STOP       DBGMCU_APB1_FZ_DBG_TIM11_STOP
..\Libraries\STM32F4xx_StdPeriph_Driver\src\misc.c: 5 warnings, 0 errors
compiling stm32f4xx_it.c...
..\Libraries\CMSIS\Device\ST\STM32F4xx\Include\stm32f4xx.h(11581): warning:  #47-D: incompatible redefinition of macro "DBGMCU_APB2_FZ_DBG_TIM1_STOP"  (declared at line 11574)
  #define  DBGMCU_APB2_FZ_DBG_TIM1_STOP        DBGMCU_APB1_FZ_DBG_TIM1_STOP    
..\Libraries\CMSIS\Device\ST\STM32F4xx\Include\stm32f4xx.h(11582): warning:  #47-D: incompatible redefinition of macro "DBGMCU_APB2_FZ_DBG_TIM8_STOP"  (declared at line 11575)
  #define  DBGMCU_APB2_FZ_DBG_TIM8_STOP        DBGMCU_APB1_FZ_DBG_TIM8_STOP
..\Libraries\CMSIS\Device\ST\STM32F4xx\Include\stm32f4xx.h(11583): warning:  #47-D: incompatible redefinition of macro "DBGMCU_APB2_FZ_DBG_TIM9_STOP"  (declared at line 11576)
  #define  DBGMCU_APB2_FZ_DBG_TIM9_STOP        DBGMCU_APB1_FZ_DBG_TIM9_STOP
..\Libraries\CMSIS\Device\ST\STM32F4xx\Include\stm32f4xx.h(11584): warning:  #47-D: incompatible redefinition of macro "DBGMCU_APB2_FZ_DBG_TIM10_STOP"  (declared at line 11577)
  #define  DBGMCU_APB2_FZ_DBG_TIM10_STOP       DBGMCU_APB1_FZ_DBG_TIM10_STOP
..\Libraries\CMSIS\Device\ST\STM32F4xx\Include\stm32f4xx.h(11585): warning:  #47-D: incompatible redefinition of macro "DBGMCU_APB2_FZ_DBG_TIM11_STOP"  (declared at line 11578)
  #define  DBGMCU_APB2_FZ_DBG_TIM11_STOP       DBGMCU_APB1_FZ_DBG_TIM11_STOP
..\stm32f4xx_it.c: 5 warnings, 0 errors
compiling stm32f4xx_adc.c...
..\Libraries\CMSIS\Device\ST\STM32F4xx\Include\stm32f4xx.h(11581): warning:  #47-D: incompatible redefinition of macro "DBGMCU_APB2_FZ_DBG_TIM1_STOP"  (declared at line 11574)
  #define  DBGMCU_APB2_FZ_DBG_TIM1_STOP        DBGMCU_APB1_FZ_DBG_TIM1_STOP    
..\Libraries\CMSIS\Device\ST\STM32F4xx\Include\stm32f4xx.h(11582): warning:  #47-D: incompatible redefinition of macro "DBGMCU_APB2_FZ_DBG_TIM8_STOP"  (declared at line 11575)
  #define  DBGMCU_APB2_FZ_DBG_TIM8_STOP        DBGMCU_APB1_FZ_DBG_TIM8_STOP
..\Libraries\CMSIS\Device\ST\STM32F4xx\Include\stm32f4xx.h(11583): warning:  #47-D: incompatible redefinition of macro "DBGMCU_APB2_FZ_DBG_TIM9_STOP"  (declared at line 11576)
  #define  DBGMCU_APB2_FZ_DBG_TIM9_STOP        DBGMCU_APB1_FZ_DBG_TIM9_STOP
..\Libraries\CMSIS\Device\ST\STM32F4xx\Include\stm32f4xx.h(11584): warning:  #47-D: incompatible redefinition of macro "DBGMCU_APB2_FZ_DBG_TIM10_STOP"  (declared at line 11577)
  #define  DBGMCU_APB2_FZ_DBG_TIM10_STOP       DBGMCU_APB1_FZ_DBG_TIM10_STOP
..\Libraries\CMSIS\Device\ST\STM32F4xx\Include\stm32f4xx.h(11585): warning:  #47-D: incompatible redefinition of macro "DBGMCU_APB2_FZ_DBG_TIM11_STOP"  (declared at line 11578)
  #define  DBGMCU_APB2_FZ_DBG_TIM11_STOP       DBGMCU_APB1_FZ_DBG_TIM11_STOP
..\Libraries\STM32F4xx_StdPeriph_Driver\src\stm32f4xx_adc.c: 5 warnings, 0 errors
compiling main.c...
..\Libraries\CMSIS\Device\ST\STM32F4xx\Include\stm32f4xx.h(11581): warning:  #47-D: incompatible redefinition of macro "DBGMCU_APB2_FZ_DBG_TIM1_STOP"  (declared at line 11574)
  #define  DBGMCU_APB2_FZ_DBG_TIM1_STOP        DBGMCU_APB1_FZ_DBG_TIM1_STOP    
..\Libraries\CMSIS\Device\ST\STM32F4xx\Include\stm32f4xx.h(11582): warning:  #47-D: incompatible redefinition of macro "DBGMCU_APB2_FZ_DBG_TIM8_STOP"  (declared at line 11575)
  #define  DBGMCU_APB2_FZ_DBG_TIM8_STOP        DBGMCU_APB1_FZ_DBG_TIM8_STOP
..\Libraries\CMSIS\Device\ST\STM32F4xx\Include\stm32f4xx.h(11583): warning:  #47-D: incompatible redefinition of macro "DBGMCU_APB2_FZ_DBG_TIM9_STOP"  (declared at line 11576)
  #define  DBGMCU_APB2_FZ_DBG_TIM9_STOP        DBGMCU_APB1_FZ_DBG_TIM9_STOP
..\Libraries\CMSIS\Device\ST\STM32F4xx\Include\stm32f4xx.h(11584): warning:  #47-D: incompatible redefinition of macro "DBGMCU_APB2_FZ_DBG_TIM10_STOP"  (declared at line 11577)
  #define  DBGMCU_APB2_FZ_DBG_TIM10_STOP       DBGMCU_APB1_FZ_DBG_TIM10_STOP
..\Libraries\CMSIS\Device\ST\STM32F4xx\Include\stm32f4xx.h(11585): warning:  #47-D: incompatible redefinition of macro "DBGMCU_APB2_FZ_DBG_TIM11_STOP"  (declared at line 11578)
  #define  DBGMCU_APB2_FZ_DBG_TIM11_STOP       DBGMCU_APB1_FZ_DBG_TIM11_STOP
gpio.h(17): warning:  #1295-D: Deprecated declaration GPIO_Configuration - give arg types
  void GPIO_Configuration();
TIMER.h(13): warning:  #1295-D: Deprecated declaration TIMER_Configuration - give arg types
  void TIMER_Configuration();
LCD.h(14): warning:  #1295-D: Deprecated declaration init_lcd - give arg types
  void init_lcd();
ledmatrix.h(10): warning:  #47-D: incompatible redefinition of macro "sda_port"  (declared at line 10 of "led7seg.h")
  #define sda_port GPIOB
ledmatrix.h(11): warning:  #47-D: incompatible redefinition of macro "sck_port"  (declared at line 11 of "led7seg.h")
  #define sck_port GPIOB
ledmatrix.h(12): warning:  #47-D: incompatible redefinition of macro "lat_port"  (declared at line 12 of "led7seg.h")
  #define lat_port GPIOB
ledmatrix.h(14): warning:  #47-D: incompatible redefinition of macro "sda_pin"  (declared at line 14 of "led7seg.h")
  #define sda_pin GPIO_Pin_15
ledmatrix.h(15): warning:  #47-D: incompatible redefinition of macro "sck_pin"  (declared at line 15 of "led7seg.h")
  #define sck_pin GPIO_Pin_13
ledmatrix.h(16): warning:  #47-D: incompatible redefinition of macro "lat_pin"  (declared at line 16 of "led7seg.h")
  #define lat_pin GPIO_Pin_2
PWM.h(19): warning:  #1-D: last line of file ends without a newline
  #endif /* __PWM_H */
I2C.h(46): warning:  #1-D: last line of file ends without a newline
  #endif /* __I2C_H */
EXTI.h(13): warning:  #1-D: last line of file ends without a newline
  #endif /* __EXTI_H */
main.c(163): warning:  #1-D: last line of file ends without a newline
  }
main.c: 18 warnings, 0 errors
compiling stm32f4xx_rcc.c...
..\Libraries\CMSIS\Device\ST\STM32F4xx\Include\stm32f4xx.h(11581): warning:  #47-D: incompatible redefinition of macro "DBGMCU_APB2_FZ_DBG_TIM1_STOP"  (declared at line 11574)
  #define  DBGMCU_APB2_FZ_DBG_TIM1_STOP        DBGMCU_APB1_FZ_DBG_TIM1_STOP    
..\Libraries\CMSIS\Device\ST\STM32F4xx\Include\stm32f4xx.h(11582): warning:  #47-D: incompatible redefinition of macro "DBGMCU_APB2_FZ_DBG_TIM8_STOP"  (declared at line 11575)
  #define  DBGMCU_APB2_FZ_DBG_TIM8_STOP        DBGMCU_APB1_FZ_DBG_TIM8_STOP
..\Libraries\CMSIS\Device\ST\STM32F4xx\Include\stm32f4xx.h(11583): warning:  #47-D: incompatible redefinition of macro "DBGMCU_APB2_FZ_DBG_TIM9_STOP"  (declared at line 11576)
  #define  DBGMCU_APB2_FZ_DBG_TIM9_STOP        DBGMCU_APB1_FZ_DBG_TIM9_STOP
..\Libraries\CMSIS\Device\ST\STM32F4xx\Include\stm32f4xx.h(11584): warning:  #47-D: incompatible redefinition of macro "DBGMCU_APB2_FZ_DBG_TIM10_STOP"  (declared at line 11577)
  #define  DBGMCU_APB2_FZ_DBG_TIM10_STOP       DBGMCU_APB1_FZ_DBG_TIM10_STOP
..\Libraries\CMSIS\Device\ST\STM32F4xx\Include\stm32f4xx.h(11585): warning:  #47-D: incompatible redefinition of macro "DBGMCU_APB2_FZ_DBG_TIM11_STOP"  (declared at line 11578)
  #define  DBGMCU_APB2_FZ_DBG_TIM11_STOP       DBGMCU_APB1_FZ_DBG_TIM11_STOP
..\Libraries\STM32F4xx_StdPeriph_Driver\src\stm32f4xx_rcc.c: 5 warnings, 0 errors
compiling ADC.c...
..\Libraries\CMSIS\Device\ST\STM32F4xx\Include\stm32f4xx.h(11581): warning:  #47-D: incompatible redefinition of macro "DBGMCU_APB2_FZ_DBG_TIM1_STOP"  (declared at line 11574)
  #define  DBGMCU_APB2_FZ_DBG_TIM1_STOP        DBGMCU_APB1_FZ_DBG_TIM1_STOP    
..\Libraries\CMSIS\Device\ST\STM32F4xx\Include\stm32f4xx.h(11582): warning:  #47-D: incompatible redefinition of macro "DBGMCU_APB2_FZ_DBG_TIM8_STOP"  (declared at line 11575)
  #define  DBGMCU_APB2_FZ_DBG_TIM8_STOP        DBGMCU_APB1_FZ_DBG_TIM8_STOP
..\Libraries\CMSIS\Device\ST\STM32F4xx\Include\stm32f4xx.h(11583): warning:  #47-D: incompatible redefinition of macro "DBGMCU_APB2_FZ_DBG_TIM9_STOP"  (declared at line 11576)
  #define  DBGMCU_APB2_FZ_DBG_TIM9_STOP        DBGMCU_APB1_FZ_DBG_TIM9_STOP
..\Libraries\CMSIS\Device\ST\STM32F4xx\Include\stm32f4xx.h(11584): warning:  #47-D: incompatible redefinition of macro "DBGMCU_APB2_FZ_DBG_TIM10_STOP"  (declared at line 11577)
  #define  DBGMCU_APB2_FZ_DBG_TIM10_STOP       DBGMCU_APB1_FZ_DBG_TIM10_STOP
..\Libraries\CMSIS\Device\ST\STM32F4xx\Include\stm32f4xx.h(11585): warning:  #47-D: incompatible redefinition of macro "DBGMCU_APB2_FZ_DBG_TIM11_STOP"  (declared at line 11578)
  #define  DBGMCU_APB2_FZ_DBG_TIM11_STOP       DBGMCU_APB1_FZ_DBG_TIM11_STOP
TIMER.h(13): warning:  #1295-D: Deprecated declaration TIMER_Configuration - give arg types
  void TIMER_Configuration();
gpio.h(17): warning:  #1295-D: Deprecated declaration GPIO_Configuration - give arg types
  void GPIO_Configuration();
ADC.c(84): warning:  #1-D: last line of file ends without a newline
  }
ADC.c: 8 warnings, 0 errors
compiling stm32f4xx_syscfg.c...
..\Libraries\CMSIS\Device\ST\STM32F4xx\Include\stm32f4xx.h(11581): warning:  #47-D: incompatible redefinition of macro "DBGMCU_APB2_FZ_DBG_TIM1_STOP"  (declared at line 11574)
  #define  DBGMCU_APB2_FZ_DBG_TIM1_STOP        DBGMCU_APB1_FZ_DBG_TIM1_STOP    
..\Libraries\CMSIS\Device\ST\STM32F4xx\Include\stm32f4xx.h(11582): warning:  #47-D: incompatible redefinition of macro "DBGMCU_APB2_FZ_DBG_TIM8_STOP"  (declared at line 11575)
  #define  DBGMCU_APB2_FZ_DBG_TIM8_STOP        DBGMCU_APB1_FZ_DBG_TIM8_STOP
..\Libraries\CMSIS\Device\ST\STM32F4xx\Include\stm32f4xx.h(11583): warning:  #47-D: incompatible redefinition of macro "DBGMCU_APB2_FZ_DBG_TIM9_STOP"  (declared at line 11576)
  #define  DBGMCU_APB2_FZ_DBG_TIM9_STOP        DBGMCU_APB1_FZ_DBG_TIM9_STOP
..\Libraries\CMSIS\Device\ST\STM32F4xx\Include\stm32f4xx.h(11584): warning:  #47-D: incompatible redefinition of macro "DBGMCU_APB2_FZ_DBG_TIM10_STOP"  (declared at line 11577)
  #define  DBGMCU_APB2_FZ_DBG_TIM10_STOP       DBGMCU_APB1_FZ_DBG_TIM10_STOP
..\Libraries\CMSIS\Device\ST\STM32F4xx\Include\stm32f4xx.h(11585): warning:  #47-D: incompatible redefinition of macro "DBGMCU_APB2_FZ_DBG_TIM11_STOP"  (declared at line 11578)
  #define  DBGMCU_APB2_FZ_DBG_TIM11_STOP       DBGMCU_APB1_FZ_DBG_TIM11_STOP
..\Libraries\STM32F4xx_StdPeriph_Driver\src\stm32f4xx_syscfg.c: 5 warnings, 0 errors
compiling stm32f4xx_exti.c...
..\Libraries\CMSIS\Device\ST\STM32F4xx\Include\stm32f4xx.h(11581): warning:  #47-D: incompatible redefinition of macro "DBGMCU_APB2_FZ_DBG_TIM1_STOP"  (declared at line 11574)
  #define  DBGMCU_APB2_FZ_DBG_TIM1_STOP        DBGMCU_APB1_FZ_DBG_TIM1_STOP    
..\Libraries\CMSIS\Device\ST\STM32F4xx\Include\stm32f4xx.h(11582): warning:  #47-D: incompatible redefinition of macro "DBGMCU_APB2_FZ_DBG_TIM8_STOP"  (declared at line 11575)
  #define  DBGMCU_APB2_FZ_DBG_TIM8_STOP        DBGMCU_APB1_FZ_DBG_TIM8_STOP
..\Libraries\CMSIS\Device\ST\STM32F4xx\Include\stm32f4xx.h(11583): warning:  #47-D: incompatible redefinition of macro "DBGMCU_APB2_FZ_DBG_TIM9_STOP"  (declared at line 11576)
  #define  DBGMCU_APB2_FZ_DBG_TIM9_STOP        DBGMCU_APB1_FZ_DBG_TIM9_STOP
..\Libraries\CMSIS\Device\ST\STM32F4xx\Include\stm32f4xx.h(11584): warning:  #47-D: incompatible redefinition of macro "DBGMCU_APB2_FZ_DBG_TIM10_STOP"  (declared at line 11577)
  #define  DBGMCU_APB2_FZ_DBG_TIM10_STOP       DBGMCU_APB1_FZ_DBG_TIM10_STOP
..\Libraries\CMSIS\Device\ST\STM32F4xx\Include\stm32f4xx.h(11585): warning:  #47-D: incompatible redefinition of macro "DBGMCU_APB2_FZ_DBG_TIM11_STOP"  (declared at line 11578)
  #define  DBGMCU_APB2_FZ_DBG_TIM11_STOP       DBGMCU_APB1_FZ_DBG_TIM11_STOP
..\Libraries\STM32F4xx_StdPeriph_Driver\src\stm32f4xx_exti.c: 5 warnings, 0 errors
compiling stm32f4xx_i2c.c...
..\Libraries\CMSIS\Device\ST\STM32F4xx\Include\stm32f4xx.h(11581): warning:  #47-D: incompatible redefinition of macro "DBGMCU_APB2_FZ_DBG_TIM1_STOP"  (declared at line 11574)
  #define  DBGMCU_APB2_FZ_DBG_TIM1_STOP        DBGMCU_APB1_FZ_DBG_TIM1_STOP    
..\Libraries\CMSIS\Device\ST\STM32F4xx\Include\stm32f4xx.h(11582): warning:  #47-D: incompatible redefinition of macro "DBGMCU_APB2_FZ_DBG_TIM8_STOP"  (declared at line 11575)
  #define  DBGMCU_APB2_FZ_DBG_TIM8_STOP        DBGMCU_APB1_FZ_DBG_TIM8_STOP
..\Libraries\CMSIS\Device\ST\STM32F4xx\Include\stm32f4xx.h(11583): warning:  #47-D: incompatible redefinition of macro "DBGMCU_APB2_FZ_DBG_TIM9_STOP"  (declared at line 11576)
  #define  DBGMCU_APB2_FZ_DBG_TIM9_STOP        DBGMCU_APB1_FZ_DBG_TIM9_STOP
..\Libraries\CMSIS\Device\ST\STM32F4xx\Include\stm32f4xx.h(11584): warning:  #47-D: incompatible redefinition of macro "DBGMCU_APB2_FZ_DBG_TIM10_STOP"  (declared at line 11577)
  #define  DBGMCU_APB2_FZ_DBG_TIM10_STOP       DBGMCU_APB1_FZ_DBG_TIM10_STOP
..\Libraries\CMSIS\Device\ST\STM32F4xx\Include\stm32f4xx.h(11585): warning:  #47-D: incompatible redefinition of macro "DBGMCU_APB2_FZ_DBG_TIM11_STOP"  (declared at line 11578)
  #define  DBGMCU_APB2_FZ_DBG_TIM11_STOP       DBGMCU_APB1_FZ_DBG_TIM11_STOP
..\Libraries\STM32F4xx_StdPeriph_Driver\src\stm32f4xx_i2c.c: 5 warnings, 0 errors
compiling stm32f4xx_usart.c...
..\Libraries\CMSIS\Device\ST\STM32F4xx\Include\stm32f4xx.h(11581): warning:  #47-D: incompatible redefinition of macro "DBGMCU_APB2_FZ_DBG_TIM1_STOP"  (declared at line 11574)
  #define  DBGMCU_APB2_FZ_DBG_TIM1_STOP        DBGMCU_APB1_FZ_DBG_TIM1_STOP    
..\Libraries\CMSIS\Device\ST\STM32F4xx\Include\stm32f4xx.h(11582): warning:  #47-D: incompatible redefinition of macro "DBGMCU_APB2_FZ_DBG_TIM8_STOP"  (declared at line 11575)
  #define  DBGMCU_APB2_FZ_DBG_TIM8_STOP        DBGMCU_APB1_FZ_DBG_TIM8_STOP
..\Libraries\CMSIS\Device\ST\STM32F4xx\Include\stm32f4xx.h(11583): warning:  #47-D: incompatible redefinition of macro "DBGMCU_APB2_FZ_DBG_TIM9_STOP"  (declared at line 11576)
  #define  DBGMCU_APB2_FZ_DBG_TIM9_STOP        DBGMCU_APB1_FZ_DBG_TIM9_STOP
..\Libraries\CMSIS\Device\ST\STM32F4xx\Include\stm32f4xx.h(11584): warning:  #47-D: incompatible redefinition of macro "DBGMCU_APB2_FZ_DBG_TIM10_STOP"  (declared at line 11577)
  #define  DBGMCU_APB2_FZ_DBG_TIM10_STOP       DBGMCU_APB1_FZ_DBG_TIM10_STOP
..\Libraries\CMSIS\Device\ST\STM32F4xx\Include\stm32f4xx.h(11585): warning:  #47-D: incompatible redefinition of macro "DBGMCU_APB2_FZ_DBG_TIM11_STOP"  (declared at line 11578)
  #define  DBGMCU_APB2_FZ_DBG_TIM11_STOP       DBGMCU_APB1_FZ_DBG_TIM11_STOP
..\Libraries\STM32F4xx_StdPeriph_Driver\src\stm32f4xx_usart.c: 5 warnings, 0 errors
compiling stm32f4xx_dma.c...
..\Libraries\CMSIS\Device\ST\STM32F4xx\Include\stm32f4xx.h(11581): warning:  #47-D: incompatible redefinition of macro "DBGMCU_APB2_FZ_DBG_TIM1_STOP"  (declared at line 11574)
  #define  DBGMCU_APB2_FZ_DBG_TIM1_STOP        DBGMCU_APB1_FZ_DBG_TIM1_STOP    
..\Libraries\CMSIS\Device\ST\STM32F4xx\Include\stm32f4xx.h(11582): warning:  #47-D: incompatible redefinition of macro "DBGMCU_APB2_FZ_DBG_TIM8_STOP"  (declared at line 11575)
  #define  DBGMCU_APB2_FZ_DBG_TIM8_STOP        DBGMCU_APB1_FZ_DBG_TIM8_STOP
..\Libraries\CMSIS\Device\ST\STM32F4xx\Include\stm32f4xx.h(11583): warning:  #47-D: incompatible redefinition of macro "DBGMCU_APB2_FZ_DBG_TIM9_STOP"  (declared at line 11576)
  #define  DBGMCU_APB2_FZ_DBG_TIM9_STOP        DBGMCU_APB1_FZ_DBG_TIM9_STOP
..\Libraries\CMSIS\Device\ST\STM32F4xx\Include\stm32f4xx.h(11584): warning:  #47-D: incompatible redefinition of macro "DBGMCU_APB2_FZ_DBG_TIM10_STOP"  (declared at line 11577)
  #define  DBGMCU_APB2_FZ_DBG_TIM10_STOP       DBGMCU_APB1_FZ_DBG_TIM10_STOP
..\Libraries\CMSIS\Device\ST\STM32F4xx\Include\stm32f4xx.h(11585): warning:  #47-D: incompatible redefinition of macro "DBGMCU_APB2_FZ_DBG_TIM11_STOP"  (declared at line 11578)
  #define  DBGMCU_APB2_FZ_DBG_TIM11_STOP       DBGMCU_APB1_FZ_DBG_TIM11_STOP
..\Libraries\STM32F4xx_StdPeriph_Driver\src\stm32f4xx_dma.c: 5 warnings, 0 errors
compiling stm32f4xx_tim.c...
..\Libraries\CMSIS\Device\ST\STM32F4xx\Include\stm32f4xx.h(11581): warning:  #47-D: incompatible redefinition of macro "DBGMCU_APB2_FZ_DBG_TIM1_STOP"  (declared at line 11574)
  #define  DBGMCU_APB2_FZ_DBG_TIM1_STOP        DBGMCU_APB1_FZ_DBG_TIM1_STOP    
..\Libraries\CMSIS\Device\ST\STM32F4xx\Include\stm32f4xx.h(11582): warning:  #47-D: incompatible redefinition of macro "DBGMCU_APB2_FZ_DBG_TIM8_STOP"  (declared at line 11575)
  #define  DBGMCU_APB2_FZ_DBG_TIM8_STOP        DBGMCU_APB1_FZ_DBG_TIM8_STOP
..\Libraries\CMSIS\Device\ST\STM32F4xx\Include\stm32f4xx.h(11583): warning:  #47-D: incompatible redefinition of macro "DBGMCU_APB2_FZ_DBG_TIM9_STOP"  (declared at line 11576)
  #define  DBGMCU_APB2_FZ_DBG_TIM9_STOP        DBGMCU_APB1_FZ_DBG_TIM9_STOP
..\Libraries\CMSIS\Device\ST\STM32F4xx\Include\stm32f4xx.h(11584): warning:  #47-D: incompatible redefinition of macro "DBGMCU_APB2_FZ_DBG_TIM10_STOP"  (declared at line 11577)
  #define  DBGMCU_APB2_FZ_DBG_TIM10_STOP       DBGMCU_APB1_FZ_DBG_TIM10_STOP
..\Libraries\CMSIS\Device\ST\STM32F4xx\Include\stm32f4xx.h(11585): warning:  #47-D: incompatible redefinition of macro "DBGMCU_APB2_FZ_DBG_TIM11_STOP"  (declared at line 11578)
  #define  DBGMCU_APB2_FZ_DBG_TIM11_STOP       DBGMCU_APB1_FZ_DBG_TIM11_STOP
..\Libraries\STM32F4xx_StdPeriph_Driver\src\stm32f4xx_tim.c: 5 warnings, 0 errors
compiling LCD.c...
..\Libraries\CMSIS\Device\ST\STM32F4xx\Include\stm32f4xx.h(11581): warning:  #47-D: incompatible redefinition of macro "DBGMCU_APB2_FZ_DBG_TIM1_STOP"  (declared at line 11574)
  #define  DBGMCU_APB2_FZ_DBG_TIM1_STOP        DBGMCU_APB1_FZ_DBG_TIM1_STOP    
..\Libraries\CMSIS\Device\ST\STM32F4xx\Include\stm32f4xx.h(11582): warning:  #47-D: incompatible redefinition of macro "DBGMCU_APB2_FZ_DBG_TIM8_STOP"  (declared at line 11575)
  #define  DBGMCU_APB2_FZ_DBG_TIM8_STOP        DBGMCU_APB1_FZ_DBG_TIM8_STOP
..\Libraries\CMSIS\Device\ST\STM32F4xx\Include\stm32f4xx.h(11583): warning:  #47-D: incompatible redefinition of macro "DBGMCU_APB2_FZ_DBG_TIM9_STOP"  (declared at line 11576)
  #define  DBGMCU_APB2_FZ_DBG_TIM9_STOP        DBGMCU_APB1_FZ_DBG_TIM9_STOP
..\Libraries\CMSIS\Device\ST\STM32F4xx\Include\stm32f4xx.h(11584): warning:  #47-D: incompatible redefinition of macro "DBGMCU_APB2_FZ_DBG_TIM10_STOP"  (declared at line 11577)
  #define  DBGMCU_APB2_FZ_DBG_TIM10_STOP       DBGMCU_APB1_FZ_DBG_TIM10_STOP
..\Libraries\CMSIS\Device\ST\STM32F4xx\Include\stm32f4xx.h(11585): warning:  #47-D: incompatible redefinition of macro "DBGMCU_APB2_FZ_DBG_TIM11_STOP"  (declared at line 11578)
  #define  DBGMCU_APB2_FZ_DBG_TIM11_STOP       DBGMCU_APB1_FZ_DBG_TIM11_STOP
gpio.h(17): warning:  #1295-D: Deprecated declaration GPIO_Configuration - give arg types
  void GPIO_Configuration();
TIMER.h(13): warning:  #1295-D: Deprecated declaration TIMER_Configuration - give arg types
  void TIMER_Configuration();
LCD.h(14): warning:  #1295-D: Deprecated declaration init_lcd - give arg types
  void init_lcd();
LCD.c(15): warning:  #177-D: variable "i"  was declared but never referenced
  	int i=0;
LCD.c(69): warning:  #188-D: enumerated type mixed with another type
  		GPIO_WriteBit(GPIOE,GPIO_Pin_1,(data>>7)&1);		//D7
LCD.c(70): warning:  #188-D: enumerated type mixed with another type
  		GPIO_WriteBit(GPIOB,GPIO_Pin_4,(data>>6)&1);		//D6
LCD.c(71): warning:  #188-D: enumerated type mixed with another type
  		GPIO_WriteBit(GPIOB,GPIO_Pin_5,(data>>5)&1);		//D5
LCD.c(72): warning:  #188-D: enumerated type mixed with another type
  		GPIO_WriteBit(GPIOE,GPIO_Pin_0,(data>>4)&1);		//D4
LCD.c(73): warning:  #188-D: enumerated type mixed with another type
  		GPIO_WriteBit(GPIOB,GPIO_Pin_3,(data>>3)&1);		//D3
LCD.c(74): warning:  #188-D: enumerated type mixed with another type
  		GPIO_WriteBit(GPIOC,GPIO_Pin_11,(data>>2)&1);		//D2
LCD.c(75): warning:  #188-D: enumerated type mixed with another type
  		GPIO_WriteBit(GPIOC,GPIO_Pin_10,(data>>1)&1);		//D1
LCD.c(76): warning:  #188-D: enumerated type mixed with another type
  		GPIO_WriteBit(GPIOC,GPIO_Pin_12,(data>>0)&1);		//D0
LCD.c: 17 warnings, 0 errors
compiling led7seg.c...
..\Libraries\CMSIS\Device\ST\STM32F4xx\Include\stm32f4xx.h(11581): warning:  #47-D: incompatible redefinition of macro "DBGMCU_APB2_FZ_DBG_TIM1_STOP"  (declared at line 11574)
  #define  DBGMCU_APB2_FZ_DBG_TIM1_STOP        DBGMCU_APB1_FZ_DBG_TIM1_STOP    
..\Libraries\CMSIS\Device\ST\STM32F4xx\Include\stm32f4xx.h(11582): warning:  #47-D: incompatible redefinition of macro "DBGMCU_APB2_FZ_DBG_TIM8_STOP"  (declared at line 11575)
  #define  DBGMCU_APB2_FZ_DBG_TIM8_STOP        DBGMCU_APB1_FZ_DBG_TIM8_STOP
..\Libraries\CMSIS\Device\ST\STM32F4xx\Include\stm32f4xx.h(11583): warning:  #47-D: incompatible redefinition of macro "DBGMCU_APB2_FZ_DBG_TIM9_STOP"  (declared at line 11576)
  #define  DBGMCU_APB2_FZ_DBG_TIM9_STOP        DBGMCU_APB1_FZ_DBG_TIM9_STOP
..\Libraries\CMSIS\Device\ST\STM32F4xx\Include\stm32f4xx.h(11584): warning:  #47-D: incompatible redefinition of macro "DBGMCU_APB2_FZ_DBG_TIM10_STOP"  (declared at line 11577)
  #define  DBGMCU_APB2_FZ_DBG_TIM10_STOP       DBGMCU_APB1_FZ_DBG_TIM10_STOP
..\Libraries\CMSIS\Device\ST\STM32F4xx\Include\stm32f4xx.h(11585): warning:  #47-D: incompatible redefinition of macro "DBGMCU_APB2_FZ_DBG_TIM11_STOP"  (declared at line 11578)
  #define  DBGMCU_APB2_FZ_DBG_TIM11_STOP       DBGMCU_APB1_FZ_DBG_TIM11_STOP
gpio.h(17): warning:  #1295-D: Deprecated declaration GPIO_Configuration - give arg types
  void GPIO_Configuration();
TIMER.h(13): warning:  #1295-D: Deprecated declaration TIMER_Configuration - give arg types
  void TIMER_Configuration();
led7seg.c(128): warning:  #1-D: last line of file ends without a newline
  }
led7seg.c: 8 warnings, 0 errors
compiling ledmatrix.c...
..\Libraries\CMSIS\Device\ST\STM32F4xx\Include\stm32f4xx.h(11581): warning:  #47-D: incompatible redefinition of macro "DBGMCU_APB2_FZ_DBG_TIM1_STOP"  (declared at line 11574)
  #define  DBGMCU_APB2_FZ_DBG_TIM1_STOP        DBGMCU_APB1_FZ_DBG_TIM1_STOP    
..\Libraries\CMSIS\Device\ST\STM32F4xx\Include\stm32f4xx.h(11582): warning:  #47-D: incompatible redefinition of macro "DBGMCU_APB2_FZ_DBG_TIM8_STOP"  (declared at line 11575)
  #define  DBGMCU_APB2_FZ_DBG_TIM8_STOP        DBGMCU_APB1_FZ_DBG_TIM8_STOP
..\Libraries\CMSIS\Device\ST\STM32F4xx\Include\stm32f4xx.h(11583): warning:  #47-D: incompatible redefinition of macro "DBGMCU_APB2_FZ_DBG_TIM9_STOP"  (declared at line 11576)
  #define  DBGMCU_APB2_FZ_DBG_TIM9_STOP        DBGMCU_APB1_FZ_DBG_TIM9_STOP
..\Libraries\CMSIS\Device\ST\STM32F4xx\Include\stm32f4xx.h(11584): warning:  #47-D: incompatible redefinition of macro "DBGMCU_APB2_FZ_DBG_TIM10_STOP"  (declared at line 11577)
  #define  DBGMCU_APB2_FZ_DBG_TIM10_STOP       DBGMCU_APB1_FZ_DBG_TIM10_STOP
..\Libraries\CMSIS\Device\ST\STM32F4xx\Include\stm32f4xx.h(11585): warning:  #47-D: incompatible redefinition of macro "DBGMCU_APB2_FZ_DBG_TIM11_STOP"  (declared at line 11578)
  #define  DBGMCU_APB2_FZ_DBG_TIM11_STOP       DBGMCU_APB1_FZ_DBG_TIM11_STOP
TIMER.h(13): warning:  #1295-D: Deprecated declaration TIMER_Configuration - give arg types
  void TIMER_Configuration();
ledmatrix.c(78): warning:  #1-D: last line of file ends without a newline
  }
ledmatrix.c: 7 warnings, 0 errors
compiling TIMER.c...
..\Libraries\CMSIS\Device\ST\STM32F4xx\Include\stm32f4xx.h(11581): warning:  #47-D: incompatible redefinition of macro "DBGMCU_APB2_FZ_DBG_TIM1_STOP"  (declared at line 11574)
  #define  DBGMCU_APB2_FZ_DBG_TIM1_STOP        DBGMCU_APB1_FZ_DBG_TIM1_STOP    
..\Libraries\CMSIS\Device\ST\STM32F4xx\Include\stm32f4xx.h(11582): warning:  #47-D: incompatible redefinition of macro "DBGMCU_APB2_FZ_DBG_TIM8_STOP"  (declared at line 11575)
  #define  DBGMCU_APB2_FZ_DBG_TIM8_STOP        DBGMCU_APB1_FZ_DBG_TIM8_STOP
..\Libraries\CMSIS\Device\ST\STM32F4xx\Include\stm32f4xx.h(11583): warning:  #47-D: incompatible redefinition of macro "DBGMCU_APB2_FZ_DBG_TIM9_STOP"  (declared at line 11576)
  #define  DBGMCU_APB2_FZ_DBG_TIM9_STOP        DBGMCU_APB1_FZ_DBG_TIM9_STOP
..\Libraries\CMSIS\Device\ST\STM32F4xx\Include\stm32f4xx.h(11584): warning:  #47-D: incompatible redefinition of macro "DBGMCU_APB2_FZ_DBG_TIM10_STOP"  (declared at line 11577)
  #define  DBGMCU_APB2_FZ_DBG_TIM10_STOP       DBGMCU_APB1_FZ_DBG_TIM10_STOP
..\Libraries\CMSIS\Device\ST\STM32F4xx\Include\stm32f4xx.h(11585): warning:  #47-D: incompatible redefinition of macro "DBGMCU_APB2_FZ_DBG_TIM11_STOP"  (declared at line 11578)
  #define  DBGMCU_APB2_FZ_DBG_TIM11_STOP       DBGMCU_APB1_FZ_DBG_TIM11_STOP
TIMER.h(13): warning:  #1295-D: Deprecated declaration TIMER_Configuration - give arg types
  void TIMER_Configuration();
TIMER.c: 6 warnings, 0 errors
compiling gpio.c...
..\Libraries\CMSIS\Device\ST\STM32F4xx\Include\stm32f4xx.h(11581): warning:  #47-D: incompatible redefinition of macro "DBGMCU_APB2_FZ_DBG_TIM1_STOP"  (declared at line 11574)
  #define  DBGMCU_APB2_FZ_DBG_TIM1_STOP        DBGMCU_APB1_FZ_DBG_TIM1_STOP    
..\Libraries\CMSIS\Device\ST\STM32F4xx\Include\stm32f4xx.h(11582): warning:  #47-D: incompatible redefinition of macro "DBGMCU_APB2_FZ_DBG_TIM8_STOP"  (declared at line 11575)
  #define  DBGMCU_APB2_FZ_DBG_TIM8_STOP        DBGMCU_APB1_FZ_DBG_TIM8_STOP
..\Libraries\CMSIS\Device\ST\STM32F4xx\Include\stm32f4xx.h(11583): warning:  #47-D: incompatible redefinition of macro "DBGMCU_APB2_FZ_DBG_TIM9_STOP"  (declared at line 11576)
  #define  DBGMCU_APB2_FZ_DBG_TIM9_STOP        DBGMCU_APB1_FZ_DBG_TIM9_STOP
..\Libraries\CMSIS\Device\ST\STM32F4xx\Include\stm32f4xx.h(11584): warning:  #47-D: incompatible redefinition of macro "DBGMCU_APB2_FZ_DBG_TIM10_STOP"  (declared at line 11577)
  #define  DBGMCU_APB2_FZ_DBG_TIM10_STOP       DBGMCU_APB1_FZ_DBG_TIM10_STOP
..\Libraries\CMSIS\Device\ST\STM32F4xx\Include\stm32f4xx.h(11585): warning:  #47-D: incompatible redefinition of macro "DBGMCU_APB2_FZ_DBG_TIM11_STOP"  (declared at line 11578)
  #define  DBGMCU_APB2_FZ_DBG_TIM11_STOP       DBGMCU_APB1_FZ_DBG_TIM11_STOP
gpio.h(17): warning:  #1295-D: Deprecated declaration GPIO_Configuration - give arg types
  void GPIO_Configuration();
gpio.c: 6 warnings, 0 errors
compiling PWM.c...
..\Libraries\CMSIS\Device\ST\STM32F4xx\Include\stm32f4xx.h(11581): warning:  #47-D: incompatible redefinition of macro "DBGMCU_APB2_FZ_DBG_TIM1_STOP"  (declared at line 11574)
  #define  DBGMCU_APB2_FZ_DBG_TIM1_STOP        DBGMCU_APB1_FZ_DBG_TIM1_STOP    
..\Libraries\CMSIS\Device\ST\STM32F4xx\Include\stm32f4xx.h(11582): warning:  #47-D: incompatible redefinition of macro "DBGMCU_APB2_FZ_DBG_TIM8_STOP"  (declared at line 11575)
  #define  DBGMCU_APB2_FZ_DBG_TIM8_STOP        DBGMCU_APB1_FZ_DBG_TIM8_STOP
..\Libraries\CMSIS\Device\ST\STM32F4xx\Include\stm32f4xx.h(11583): warning:  #47-D: incompatible redefinition of macro "DBGMCU_APB2_FZ_DBG_TIM9_STOP"  (declared at line 11576)
  #define  DBGMCU_APB2_FZ_DBG_TIM9_STOP        DBGMCU_APB1_FZ_DBG_TIM9_STOP
..\Libraries\CMSIS\Device\ST\STM32F4xx\Include\stm32f4xx.h(11584): warning:  #47-D: incompatible redefinition of macro "DBGMCU_APB2_FZ_DBG_TIM10_STOP"  (declared at line 11577)
  #define  DBGMCU_APB2_FZ_DBG_TIM10_STOP       DBGMCU_APB1_FZ_DBG_TIM10_STOP
..\Libraries\CMSIS\Device\ST\STM32F4xx\Include\stm32f4xx.h(11585): warning:  #47-D: incompatible redefinition of macro "DBGMCU_APB2_FZ_DBG_TIM11_STOP"  (declared at line 11578)
  #define  DBGMCU_APB2_FZ_DBG_TIM11_STOP       DBGMCU_APB1_FZ_DBG_TIM11_STOP
PWM.h(19): warning:  #1-D: last line of file ends without a newline
  #endif /* __PWM_H */
PWM.c(272): warning:  #1-D: last line of file ends without a newline
  }
PWM.c: 7 warnings, 0 errors
compiling USART.c...
..\Libraries\CMSIS\Device\ST\STM32F4xx\Include\stm32f4xx.h(11581): warning:  #47-D: incompatible redefinition of macro "DBGMCU_APB2_FZ_DBG_TIM1_STOP"  (declared at line 11574)
  #define  DBGMCU_APB2_FZ_DBG_TIM1_STOP        DBGMCU_APB1_FZ_DBG_TIM1_STOP    
..\Libraries\CMSIS\Device\ST\STM32F4xx\Include\stm32f4xx.h(11582): warning:  #47-D: incompatible redefinition of macro "DBGMCU_APB2_FZ_DBG_TIM8_STOP"  (declared at line 11575)
  #define  DBGMCU_APB2_FZ_DBG_TIM8_STOP        DBGMCU_APB1_FZ_DBG_TIM8_STOP
..\Libraries\CMSIS\Device\ST\STM32F4xx\Include\stm32f4xx.h(11583): warning:  #47-D: incompatible redefinition of macro "DBGMCU_APB2_FZ_DBG_TIM9_STOP"  (declared at line 11576)
  #define  DBGMCU_APB2_FZ_DBG_TIM9_STOP        DBGMCU_APB1_FZ_DBG_TIM9_STOP
..\Libraries\CMSIS\Device\ST\STM32F4xx\Include\stm32f4xx.h(11584): warning:  #47-D: incompatible redefinition of macro "DBGMCU_APB2_FZ_DBG_TIM10_STOP"  (declared at line 11577)
  #define  DBGMCU_APB2_FZ_DBG_TIM10_STOP       DBGMCU_APB1_FZ_DBG_TIM10_STOP
..\Libraries\CMSIS\Device\ST\STM32F4xx\Include\stm32f4xx.h(11585): warning:  #47-D: incompatible redefinition of macro "DBGMCU_APB2_FZ_DBG_TIM11_STOP"  (declared at line 11578)
  #define  DBGMCU_APB2_FZ_DBG_TIM11_STOP       DBGMCU_APB1_FZ_DBG_TIM11_STOP
gpio.h(17): warning:  #1295-D: Deprecated declaration GPIO_Configuration - give arg types
  void GPIO_Configuration();
TIMER.h(13): warning:  #1295-D: Deprecated declaration TIMER_Configuration - give arg types
  void TIMER_Configuration();
USART.c(181): warning:  #223-D: function "sprintf" declared implicitly
  	sprintf(hc05, "Var:%.2lf Humidity:%.2lf Temp:%.2lf\nJoystickX:%d JoystickY:%d\n", VAR,Humidity,Temperature,joystickX,joystickY);
USART.c: 8 warnings, 0 errors
compiling I2C.c...
..\Libraries\CMSIS\Device\ST\STM32F4xx\Include\stm32f4xx.h(11581): warning:  #47-D: incompatible redefinition of macro "DBGMCU_APB2_FZ_DBG_TIM1_STOP"  (declared at line 11574)
  #define  DBGMCU_APB2_FZ_DBG_TIM1_STOP        DBGMCU_APB1_FZ_DBG_TIM1_STOP    
..\Libraries\CMSIS\Device\ST\STM32F4xx\Include\stm32f4xx.h(11582): warning:  #47-D: incompatible redefinition of macro "DBGMCU_APB2_FZ_DBG_TIM8_STOP"  (declared at line 11575)
  #define  DBGMCU_APB2_FZ_DBG_TIM8_STOP        DBGMCU_APB1_FZ_DBG_TIM8_STOP
..\Libraries\CMSIS\Device\ST\STM32F4xx\Include\stm32f4xx.h(11583): warning:  #47-D: incompatible redefinition of macro "DBGMCU_APB2_FZ_DBG_TIM9_STOP"  (declared at line 11576)
  #define  DBGMCU_APB2_FZ_DBG_TIM9_STOP        DBGMCU_APB1_FZ_DBG_TIM9_STOP
..\Libraries\CMSIS\Device\ST\STM32F4xx\Include\stm32f4xx.h(11584): warning:  #47-D: incompatible redefinition of macro "DBGMCU_APB2_FZ_DBG_TIM10_STOP"  (declared at line 11577)
  #define  DBGMCU_APB2_FZ_DBG_TIM10_STOP       DBGMCU_APB1_FZ_DBG_TIM10_STOP
..\Libraries\CMSIS\Device\ST\STM32F4xx\Include\stm32f4xx.h(11585): warning:  #47-D: incompatible redefinition of macro "DBGMCU_APB2_FZ_DBG_TIM11_STOP"  (declared at line 11578)
  #define  DBGMCU_APB2_FZ_DBG_TIM11_STOP       DBGMCU_APB1_FZ_DBG_TIM11_STOP
I2C.h(46): warning:  #1-D: last line of file ends without a newline
  #endif /* __I2C_H */
I2C.c(359): warning:  #1-D: last line of file ends without a newline
  }
I2C.c: 7 warnings, 0 errors
compiling EXTI.c...
..\Libraries\CMSIS\Device\ST\STM32F4xx\Include\stm32f4xx.h(11581): warning:  #47-D: incompatible redefinition of macro "DBGMCU_APB2_FZ_DBG_TIM1_STOP"  (declared at line 11574)
  #define  DBGMCU_APB2_FZ_DBG_TIM1_STOP        DBGMCU_APB1_FZ_DBG_TIM1_STOP    
..\Libraries\CMSIS\Device\ST\STM32F4xx\Include\stm32f4xx.h(11582): warning:  #47-D: incompatible redefinition of macro "DBGMCU_APB2_FZ_DBG_TIM8_STOP"  (declared at line 11575)
  #define  DBGMCU_APB2_FZ_DBG_TIM8_STOP        DBGMCU_APB1_FZ_DBG_TIM8_STOP
..\Libraries\CMSIS\Device\ST\STM32F4xx\Include\stm32f4xx.h(11583): warning:  #47-D: incompatible redefinition of macro "DBGMCU_APB2_FZ_DBG_TIM9_STOP"  (declared at line 11576)
  #define  DBGMCU_APB2_FZ_DBG_TIM9_STOP        DBGMCU_APB1_FZ_DBG_TIM9_STOP
..\Libraries\CMSIS\Device\ST\STM32F4xx\Include\stm32f4xx.h(11584): warning:  #47-D: incompatible redefinition of macro "DBGMCU_APB2_FZ_DBG_TIM10_STOP"  (declared at line 11577)
  #define  DBGMCU_APB2_FZ_DBG_TIM10_STOP       DBGMCU_APB1_FZ_DBG_TIM10_STOP
..\Libraries\CMSIS\Device\ST\STM32F4xx\Include\stm32f4xx.h(11585): warning:  #47-D: incompatible redefinition of macro "DBGMCU_APB2_FZ_DBG_TIM11_STOP"  (declared at line 11578)
  #define  DBGMCU_APB2_FZ_DBG_TIM11_STOP       DBGMCU_APB1_FZ_DBG_TIM11_STOP
TIMER.h(13): warning:  #1295-D: Deprecated declaration TIMER_Configuration - give arg types
  void TIMER_Configuration();
EXTI.h(13): warning:  #1-D: last line of file ends without a newline
  #endif /* __EXTI_H */
EXTI.c(49): warning:  #1-D: last line of file ends without a newline
  }
EXTI.c: 8 warnings, 0 errors
linking...
Program Size: Code=20288 RO-data=664 RW-data=212 ZI-data=1892  
".\Objects\super_project.axf" - 0 Error(s), 160 Warning(s).

<h2>Software Packages used:</h2>

Package Vendor: ARM
                http://www.keil.com/pack/ARM.CMSIS.5.9.0.pack
                ARM.CMSIS.5.9.0
                CMSIS (Common Microcontroller Software Interface Standard)
   * Component: CORE Version: 5.6.0

Package Vendor: Keil
                https://www.keil.com/pack/Keil.STM32F4xx_DFP.2.17.0.pack
                Keil.STM32F4xx_DFP.2.17.0
                STMicroelectronics STM32F4 Series Device Support, Drivers and Examples

<h2>Collection of Component include folders:</h2>
  .\RTE\_Target_1
  C:\Users\mquyet\AppData\Local\Arm\Packs\ARM\CMSIS\5.9.0\CMSIS\Core\Include
  C:\Users\mquyet\AppData\Local\Arm\Packs\Keil\STM32F4xx_DFP\2.17.0\Drivers\CMSIS\Device\ST\STM32F4xx\Include

<h2>Collection of Component Files used:</h2>

   * Component: ARM::CMSIS:CORE:5.6.0
Build Time Elapsed:  00:00:08
</pre>
</body>
</html>
